Archive member included to satisfy reference by file (symbol)

/usr/local/gcc-arm-none-eabi-10.3-2021.10/bin/../lib/gcc/arm-none-eabi/10.3.1/../../../../arm-none-eabi/lib/thumb/v7-m/nofp/libc_nano.a(lib_a-exit.o)
                              /usr/local/gcc-arm-none-eabi-10.3-2021.10/bin/../lib/gcc/arm-none-eabi/10.3.1/../../../../arm-none-eabi/lib/thumb/v7-m/nofp/crt0.o (exit)
/usr/local/gcc-arm-none-eabi-10.3-2021.10/bin/../lib/gcc/arm-none-eabi/10.3.1/../../../../arm-none-eabi/lib/thumb/v7-m/nofp/libc_nano.a(lib_a-impure.o)
                              /usr/local/gcc-arm-none-eabi-10.3-2021.10/bin/../lib/gcc/arm-none-eabi/10.3.1/../../../../arm-none-eabi/lib/thumb/v7-m/nofp/libc_nano.a(lib_a-exit.o) (_global_impure_ptr)
/usr/local/gcc-arm-none-eabi-10.3-2021.10/bin/../lib/gcc/arm-none-eabi/10.3.1/../../../../arm-none-eabi/lib/thumb/v7-m/nofp/libc_nano.a(lib_a-init.o)
                              /usr/local/gcc-arm-none-eabi-10.3-2021.10/bin/../lib/gcc/arm-none-eabi/10.3.1/../../../../arm-none-eabi/lib/thumb/v7-m/nofp/crt0.o (__libc_init_array)
/usr/local/gcc-arm-none-eabi-10.3-2021.10/bin/../lib/gcc/arm-none-eabi/10.3.1/../../../../arm-none-eabi/lib/thumb/v7-m/nofp/libc_nano.a(lib_a-memset.o)
                              /usr/local/gcc-arm-none-eabi-10.3-2021.10/bin/../lib/gcc/arm-none-eabi/10.3.1/../../../../arm-none-eabi/lib/thumb/v7-m/nofp/crt0.o (memset)
/usr/local/gcc-arm-none-eabi-10.3-2021.10/bin/../lib/gcc/arm-none-eabi/10.3.1/../../../../arm-none-eabi/lib/thumb/v7-m/nofp/libnosys.a(_exit.o)
                              /usr/local/gcc-arm-none-eabi-10.3-2021.10/bin/../lib/gcc/arm-none-eabi/10.3.1/../../../../arm-none-eabi/lib/thumb/v7-m/nofp/libc_nano.a(lib_a-exit.o) (_exit)
/usr/local/gcc-arm-none-eabi-10.3-2021.10/bin/../lib/gcc/arm-none-eabi/10.3.1/thumb/v7-m/nofp/libgcc.a(_arm_muldf3.o)
                              build/PWM_Ctrl.o (__aeabi_dmul)
/usr/local/gcc-arm-none-eabi-10.3-2021.10/bin/../lib/gcc/arm-none-eabi/10.3.1/thumb/v7-m/nofp/libgcc.a(_arm_mulsf3.o)
                              build/PWM_Ctrl.o (__aeabi_fmul)
/usr/local/gcc-arm-none-eabi-10.3-2021.10/bin/../lib/gcc/arm-none-eabi/10.3.1/thumb/v7-m/nofp/libgcc.a(_arm_addsubdf3.o)
                              build/PWM_Ctrl.o (__aeabi_dsub)
/usr/local/gcc-arm-none-eabi-10.3-2021.10/bin/../lib/gcc/arm-none-eabi/10.3.1/thumb/v7-m/nofp/libgcc.a(_arm_muldivdf3.o)
                              build/PWM_Ctrl.o (__aeabi_ddiv)
/usr/local/gcc-arm-none-eabi-10.3-2021.10/bin/../lib/gcc/arm-none-eabi/10.3.1/thumb/v7-m/nofp/libgcc.a(_arm_truncdfsf2.o)
                              build/PWM_Ctrl.o (__aeabi_d2f)
/usr/local/gcc-arm-none-eabi-10.3-2021.10/bin/../lib/gcc/arm-none-eabi/10.3.1/thumb/v7-m/nofp/libgcc.a(_arm_addsubsf3.o)
                              build/PID_Algorithm.o (__aeabi_fsub)
/usr/local/gcc-arm-none-eabi-10.3-2021.10/bin/../lib/gcc/arm-none-eabi/10.3.1/thumb/v7-m/nofp/libgcc.a(_arm_muldivsf3.o)
                              build/PWM_Ctrl.o (__aeabi_fdiv)
/usr/local/gcc-arm-none-eabi-10.3-2021.10/bin/../lib/gcc/arm-none-eabi/10.3.1/thumb/v7-m/nofp/libgcc.a(_arm_cmpsf2.o)
                              build/PWM_Ctrl.o (__aeabi_fcmpgt)
/usr/local/gcc-arm-none-eabi-10.3-2021.10/bin/../lib/gcc/arm-none-eabi/10.3.1/thumb/v7-m/nofp/libgcc.a(_arm_fixsfsi.o)
                              build/PWM_Ctrl.o (__aeabi_f2iz)
/usr/local/gcc-arm-none-eabi-10.3-2021.10/bin/../lib/gcc/arm-none-eabi/10.3.1/thumb/v7-m/nofp/libgcc.a(_arm_fixunssfsi.o)
                              build/USART_OPERATION.o (__aeabi_f2uiz)

Discarded input sections

 .text          0x0000000000000000        0x0 /usr/local/gcc-arm-none-eabi-10.3-2021.10/bin/../lib/gcc/arm-none-eabi/10.3.1/thumb/v7-m/nofp/crti.o
 .data          0x0000000000000000        0x0 /usr/local/gcc-arm-none-eabi-10.3-2021.10/bin/../lib/gcc/arm-none-eabi/10.3.1/thumb/v7-m/nofp/crti.o
 .bss           0x0000000000000000        0x0 /usr/local/gcc-arm-none-eabi-10.3-2021.10/bin/../lib/gcc/arm-none-eabi/10.3.1/thumb/v7-m/nofp/crti.o
 .data          0x0000000000000000        0x4 /usr/local/gcc-arm-none-eabi-10.3-2021.10/bin/../lib/gcc/arm-none-eabi/10.3.1/thumb/v7-m/nofp/crtbegin.o
 .rodata        0x0000000000000000       0x24 /usr/local/gcc-arm-none-eabi-10.3-2021.10/bin/../lib/gcc/arm-none-eabi/10.3.1/thumb/v7-m/nofp/crtbegin.o
 .text          0x0000000000000000       0x7c /usr/local/gcc-arm-none-eabi-10.3-2021.10/bin/../lib/gcc/arm-none-eabi/10.3.1/../../../../arm-none-eabi/lib/thumb/v7-m/nofp/crt0.o
 .data          0x0000000000000000        0x0 /usr/local/gcc-arm-none-eabi-10.3-2021.10/bin/../lib/gcc/arm-none-eabi/10.3.1/../../../../arm-none-eabi/lib/thumb/v7-m/nofp/crt0.o
 .bss           0x0000000000000000        0x0 /usr/local/gcc-arm-none-eabi-10.3-2021.10/bin/../lib/gcc/arm-none-eabi/10.3.1/../../../../arm-none-eabi/lib/thumb/v7-m/nofp/crt0.o
[...]
Memory Configuration

Name             Origin             Length             Attributes
RAM              0x0000000020000000 0x000000000000c000 xrw
FLASH            0x0000000008000000 0x0000000000040000 xr
*default*        0x0000000000000000 0xffffffffffffffff

Linker script and memory map

LOAD /usr/local/gcc-arm-none-eabi-10.3-2021.10/bin/../lib/gcc/arm-none-eabi/10.3.1/thumb/v7-m/nofp/crti.o
LOAD /usr/local/gcc-arm-none-eabi-10.3-2021.10/bin/../lib/gcc/arm-none-eabi/10.3.1/thumb/v7-m/nofp/crtbegin.o
LOAD /usr/local/gcc-arm-none-eabi-10.3-2021.10/bin/../lib/gcc/arm-none-eabi/10.3.1/../../../../arm-none-eabi/lib/thumb/v7-m/nofp/crt0.o
LOAD build/main.o
LOAD build/USART_OPERATION.o
LOAD build/delay_class.o
LOAD build/PWM_Ctrl.o
LOAD build/PID_Algorithm.o
LOAD build/stm32f1xx_it.o
LOAD build/stm32f1xx_hal_msp.o
LOAD build/stm32f1xx_hal_gpio_ex.o
LOAD build/stm32f1xx_hal_tim.o
LOAD build/stm32f1xx_hal_tim_ex.o
LOAD build/stm32f1xx_hal.o
LOAD build/stm32f1xx_hal_rcc.o
LOAD build/stm32f1xx_hal_rcc_ex.o
LOAD build/stm32f1xx_hal_gpio.o
LOAD build/stm32f1xx_hal_dma.o
LOAD build/stm32f1xx_hal_cortex.o
LOAD build/stm32f1xx_hal_pwr.o
LOAD build/stm32f1xx_hal_flash.o
LOAD build/stm32f1xx_hal_flash_ex.o
LOAD build/stm32f1xx_hal_exti.o
LOAD build/system_stm32f1xx.o
LOAD build/stm32f1xx_hal_uart.o
LOAD build/stm32f1xx_ll_rcc.o
LOAD build/stm32f1xx_ll_utils.o
LOAD build/stm32f1xx_ll_exti.o
LOAD build/stm32f1xx_ll_tim.o
LOAD build/stm32f1xx_ll_gpio.o
LOAD build/stm32f1xx_ll_dma.o
LOAD build/stm32f1xx_ll_adc.o
LOAD build/startup_stm32f103xe.o
LOAD /usr/local/gcc-arm-none-eabi-10.3-2021.10/bin/../lib/gcc/arm-none-eabi/10.3.1/../../../../arm-none-eabi/lib/thumb/v7-m/nofp/libc_nano.a
LOAD /usr/local/gcc-arm-none-eabi-10.3-2021.10/bin/../lib/gcc/arm-none-eabi/10.3.1/../../../../arm-none-eabi/lib/thumb/v7-m/nofp/libm.a
LOAD /usr/local/gcc-arm-none-eabi-10.3-2021.10/bin/../lib/gcc/arm-none-eabi/10.3.1/../../../../arm-none-eabi/lib/thumb/v7-m/nofp/libnosys.a
START GROUP
LOAD /usr/local/gcc-arm-none-eabi-10.3-2021.10/bin/../lib/gcc/arm-none-eabi/10.3.1/thumb/v7-m/nofp/libgcc.a
LOAD /usr/local/gcc-arm-none-eabi-10.3-2021.10/bin/../lib/gcc/arm-none-eabi/10.3.1/../../../../arm-none-eabi/lib/thumb/v7-m/nofp/libc_nano.a
END GROUP
START GROUP
LOAD /usr/local/gcc-arm-none-eabi-10.3-2021.10/bin/../lib/gcc/arm-none-eabi/10.3.1/thumb/v7-m/nofp/libgcc.a
LOAD /usr/local/gcc-arm-none-eabi-10.3-2021.10/bin/../lib/gcc/arm-none-eabi/10.3.1/../../../../arm-none-eabi/lib/thumb/v7-m/nofp/libc_nano.a
END GROUP
LOAD /usr/local/gcc-arm-none-eabi-10.3-2021.10/bin/../lib/gcc/arm-none-eabi/10.3.1/thumb/v7-m/nofp/crtend.o
LOAD /usr/local/gcc-arm-none-eabi-10.3-2021.10/bin/../lib/gcc/arm-none-eabi/10.3.1/thumb/v7-m/nofp/crtn.o
                0x000000002000c000                _estack = (ORIGIN (RAM) + LENGTH (RAM))
                0x0000000000000200                _Min_Heap_Size = 0x200
                0x0000000000000400                _Min_Stack_Size = 0x400

.isr_vector     0x0000000008000000      0x1e4
                0x0000000008000000                . = ALIGN (0x4)
 *(.isr_vector)
 .isr_vector    0x0000000008000000      0x1e4 build/startup_stm32f103xe.o
                0x0000000008000000                g_pfnVectors
                0x00000000080001e4                . = ALIGN (0x4)

.text           0x00000000080001e4     0x5520
                0x00000000080001e4                . = ALIGN (0x4)
 *(.text)
 .text          0x00000000080001e4       0x40 /usr/local/gcc-arm-none-eabi-10.3-2021.10/bin/../lib/gcc/arm-none-eabi/10.3.1/thumb/v7-m/nofp/crtbegin.o
 .text          0x0000000008000224      0x378 /usr/local/gcc-arm-none-eabi-10.3-2021.10/bin/../lib/gcc/arm-none-eabi/10.3.1/thumb/v7-m/nofp/libgcc.a(_arm_addsubdf3.o)
                0x0000000008000224                __aeabi_drsub
                0x000000000800022c                __aeabi_dsub
                0x000000000800022c                __subdf3
                0x0000000008000230                __adddf3
                0x0000000008000230                __aeabi_dadd
                0x00000000080004a8                __aeabi_ui2d
                0x00000000080004a8                __floatunsidf
                0x00000000080004c8                __floatsidf
                0x00000000080004c8                __aeabi_i2d
                0x00000000080004ec                __extendsfdf2
                0x00000000080004ec                __aeabi_f2d
                0x0000000008000530                __aeabi_ul2d
                0x0000000008000530                __floatundidf
                0x0000000008000540                __floatdidf
                0x0000000008000540                __aeabi_l2d
 .text          0x000000000800059c      0x424 /usr/local/gcc-arm-none-eabi-10.3-2021.10/bin/../lib/gcc/arm-none-eabi/10.3.1/thumb/v7-m/nofp/libgcc.a(_arm_muldivdf3.o)
                0x000000000800059c                __aeabi_dmul
                0x000000000800059c                __muldf3
                0x00000000080007f0                __aeabi_ddiv
                0x00000000080007f0                __divdf3
 .text          0x00000000080009c0       0xa0 /usr/local/gcc-arm-none-eabi-10.3-2021.10/bin/../lib/gcc/arm-none-eabi/10.3.1/thumb/v7-m/nofp/libgcc.a(_arm_truncdfsf2.o)
                0x00000000080009c0                __aeabi_d2f
                0x00000000080009c0                __truncdfsf2
 .text          0x0000000008000a60      0x21c /usr/local/gcc-arm-none-eabi-10.3-2021.10/bin/../lib/gcc/arm-none-eabi/10.3.1/thumb/v7-m/nofp/libgcc.a(_arm_addsubsf3.o)
                0x0000000008000a60                __aeabi_frsub
                0x0000000008000a68                __subsf3
                0x0000000008000a68                __aeabi_fsub
                0x0000000008000a6c                __aeabi_fadd
                0x0000000008000a6c                __addsf3
                0x0000000008000bcc                __aeabi_ui2f
                0x0000000008000bcc                __floatunsisf
                0x0000000008000bd4                __aeabi_i2f
                0x0000000008000bd4                __floatsisf
                0x0000000008000bf0                __floatundisf
                0x0000000008000bf0                __aeabi_ul2f
                0x0000000008000c00                __floatdisf
                0x0000000008000c00                __aeabi_l2f
 .text          0x0000000008000c7c      0x2a0 /usr/local/gcc-arm-none-eabi-10.3-2021.10/bin/../lib/gcc/arm-none-eabi/10.3.1/thumb/v7-m/nofp/libgcc.a(_arm_muldivsf3.o)
                0x0000000008000c7c                __mulsf3
                0x0000000008000c7c                __aeabi_fmul
                0x0000000008000de4                __divsf3
                0x0000000008000de4                __aeabi_fdiv
 .text          0x0000000008000f1c       0xec /usr/local/gcc-arm-none-eabi-10.3-2021.10/bin/../lib/gcc/arm-none-eabi/10.3.1/thumb/v7-m/nofp/libgcc.a(_arm_cmpsf2.o)
                0x0000000008000f1c                __gtsf2
                0x0000000008000f1c                __gesf2
                0x0000000008000f24                __lesf2
                0x0000000008000f24                __ltsf2
                0x0000000008000f2c                __nesf2
                0x0000000008000f2c                __eqsf2
                0x0000000008000f2c                __cmpsf2
                0x0000000008000f8c                __aeabi_cfrcmple
                0x0000000008000f94                __aeabi_cfcmple
                0x0000000008000f94                __aeabi_cfcmpeq
                0x0000000008000fa4                __aeabi_fcmpeq
                0x0000000008000fb8                __aeabi_fcmplt
                0x0000000008000fcc                __aeabi_fcmple
                0x0000000008000fe0                __aeabi_fcmpge
                0x0000000008000ff4                __aeabi_fcmpgt
 .text          0x0000000008001008       0x4c /usr/local/gcc-arm-none-eabi-10.3-2021.10/bin/../lib/gcc/arm-none-eabi/10.3.1/thumb/v7-m/nofp/libgcc.a(_arm_fixsfsi.o)
                0x0000000008001008                __fixsfsi
                0x0000000008001008                __aeabi_f2iz
 .text          0x0000000008001054       0x40 /usr/local/gcc-arm-none-eabi-10.3-2021.10/bin/../lib/gcc/arm-none-eabi/10.3.1/thumb/v7-m/nofp/libgcc.a(_arm_fixunssfsi.o)
                0x0000000008001054                __aeabi_f2uiz
                0x0000000008001054                __fixunssfsi
 *(.text*)
 .text.LL_ADC_REG_SetSequencerRanks
                0x0000000008001094       0x6a build/main.o
 .text.LL_ADC_SetChannelSamplingTime
                0x00000000080010fe       0x96 build/main.o
 .text.LL_ADC_Enable
                0x0000000008001194       0x1e build/main.o
 .text.LL_ADC_Disable
                0x00000000080011b2       0x1e build/main.o
 .text.LL_ADC_StartCalibration
                0x00000000080011d0       0x1e build/main.o
 .text.LL_ADC_IsCalibrationOnGoing
                0x00000000080011ee       0x24 build/main.o
 .text.LL_ADC_REG_StartConversionSWStart
                0x0000000008001212       0x1e build/main.o
 .text.LL_ADC_REG_ReadConversionData12
                0x0000000008001230       0x18 build/main.o
 .text.LL_ADC_IsActiveFlag_EOS
                0x0000000008001248       0x24 build/main.o
 .text.LL_ADC_ClearFlag_EOS
                0x000000000800126c       0x1a build/main.o
 *fill*         0x0000000008001286        0x2 
 .text.LL_DMA_SetDataTransferDirection
                0x0000000008001288       0x48 build/main.o
 .text.LL_DMA_SetMode
                0x00000000080012d0       0x44 build/main.o
 .text.LL_DMA_SetPeriphIncMode
                0x0000000008001314       0x44 build/main.o
 .text.LL_DMA_SetMemoryIncMode
                0x0000000008001358       0x44 build/main.o
 .text.LL_DMA_SetPeriphSize
                0x000000000800139c       0x44 build/main.o
 .text.LL_DMA_SetMemorySize
                0x00000000080013e0       0x44 build/main.o
 .text.LL_DMA_SetChannelPriorityLevel
                0x0000000008001424       0x44 build/main.o
 .text.LL_TIM_EnableCounter
                0x0000000008001468       0x1e build/main.o
 .text.LL_TIM_DisableCounter
                0x0000000008001486       0x1e build/main.o
 .text.LL_TIM_EnableARRPreload
                0x00000000080014a4       0x1e build/main.o
 .text.LL_TIM_SetPrescaler
                0x00000000080014c2       0x1a build/main.o
 .text.LL_TIM_SetAutoReload
                0x00000000080014dc       0x1a build/main.o
 .text.LL_TIM_CC_EnableChannel
                0x00000000080014f6       0x20 build/main.o
 *fill*         0x0000000008001516        0x2 
 .text.LL_TIM_OC_DisableFast
                0x0000000008001518       0x88 build/main.o
 .text.LL_TIM_OC_EnablePreload
                0x00000000080015a0       0x88 build/main.o
 .text.LL_TIM_SetClockSource
                0x0000000008001628       0x28 build/main.o
 .text.LL_TIM_SetTriggerOutput
                0x0000000008001650       0x24 build/main.o
 .text.LL_TIM_DisableMasterSlaveMode
                0x0000000008001674       0x1e build/main.o
 .text.LL_TIM_EnableAutomaticOutput
                0x0000000008001692       0x1e build/main.o
 .text.LL_TIM_EnableAllOutputs
                0x00000000080016b0       0x1e build/main.o
 .text.LL_TIM_ClearFlag_UPDATE
                0x00000000080016ce       0x1a build/main.o
 .text.LL_TIM_IsActiveFlag_UPDATE
                0x00000000080016e8       0x24 build/main.o
 .text.LL_AHB1_GRP1_EnableClock
                0x000000000800170c       0x30 build/main.o
 .text.LL_APB1_GRP1_EnableClock
                0x000000000800173c       0x30 build/main.o
 .text.LL_APB2_GRP1_EnableClock
                0x000000000800176c       0x30 build/main.o
 .text.LL_GPIO_AF_RemapPartial_TIM1
                0x000000000800179c       0x28 build/main.o
 .text.us_delay
                0x00000000080017c4       0x5e build/main.o
 .text.ID_Judgement
                0x0000000008001822       0x2c build/main.o
 .text.clean_temp
                0x000000000800184e       0x20 build/main.o
 .text.instruction_handle
                0x000000000800186e       0x48 build/main.o
 .text.Advance_TIMX_PWM_INIGTION
                0x00000000080018b6       0x2a build/main.o
 .text.Set_And_Convert_Duty_ALL
                0x00000000080018e0       0x1c build/main.o
 .text.ADC_By_Consultant
                0x00000000080018fc       0x32 build/main.o
 *fill*         0x000000000800192e        0x2 
 .text.ADC1_Operation
                0x0000000008001930       0x14 build/main.o
 .text.Get_ADC_INIT_VALUE
                0x0000000008001944       0x2c build/main.o
 .text.main     0x0000000008001970       0xec build/main.o
                0x0000000008001970                main
 .text.SystemClock_Config
                0x0000000008001a5c       0xba build/main.o
                0x0000000008001a5c                SystemClock_Config
 .text.MX_NVIC_Init
                0x0000000008001b16       0x28 build/main.o
 *fill*         0x0000000008001b3e        0x2 
 .text.MX_ADC1_Init
                0x0000000008001b40      0x138 build/main.o
 .text.MX_TIM1_Init
                0x0000000008001c78      0x134 build/main.o
 .text.MX_TIM6_Init
                0x0000000008001dac       0x74 build/main.o
 .text.MX_TIM7_Init
                0x0000000008001e20       0x58 build/main.o
 .text.MX_USART1_UART_Init
                0x0000000008001e78       0x60 build/main.o
 .text.MX_DMA_Init
                0x0000000008001ed8        0xe build/main.o
 *fill*         0x0000000008001ee6        0x2 
 .text.MX_GPIO_Init
                0x0000000008001ee8       0x7c build/main.o
 .text.HAL_TIM_PeriodElapsedCallback
                0x0000000008001f64       0x1c build/main.o
                0x0000000008001f64                HAL_TIM_PeriodElapsedCallback
 .text.HAL_UART_RxCpltCallback
                0x0000000008001f80       0x3c build/main.o
                0x0000000008001f80                HAL_UART_RxCpltCallback
 .text.Error_Handler
                0x0000000008001fbc        0xa build/main.o
                0x0000000008001fbc                Error_Handler
 *fill*         0x0000000008001fc6        0x2 
 .text.Data_Inspect_By_StateMachine
                0x0000000008001fc8      0x130 build/USART_OPERATION.o
                0x0000000008001fc8                Data_Inspect_By_StateMachine
 .text.Set_Current
                0x00000000080020f8       0x46 build/USART_OPERATION.o
                0x00000000080020f8                Set_Current
 .text.Set_Interval
                0x000000000800213e       0x42 build/USART_OPERATION.o
                0x000000000800213e                Set_Interval
 .text.ACK_Reaction
                0x0000000008002180       0x60 build/USART_OPERATION.o
                0x0000000008002180                ACK_Reaction
 .text.Function_Judge_Action
                0x00000000080021e0       0x48 build/USART_OPERATION.o
                0x00000000080021e0                Function_Judge_Action
 .text.receiption_success
                0x0000000008002228       0x48 build/USART_OPERATION.o
                0x0000000008002228                receiption_success
 .text.auto_report_handle
                0x0000000008002270       0xd0 build/USART_OPERATION.o
                0x0000000008002270                auto_report_handle
 .text.LL_TIM_GetAutoReload
                0x0000000008002340       0x16 build/PWM_Ctrl.o
 .text.LL_TIM_OC_SetCompareCH1
                0x0000000008002356       0x1a build/PWM_Ctrl.o
 .text.Set_And_Convert_Duty
                0x0000000008002370       0xac build/PWM_Ctrl.o
                0x0000000008002370                Set_And_Convert_Duty
 .text.Set_And_Convert_Duty_Float
                0x000000000800241c       0xd8 build/PWM_Ctrl.o
                0x000000000800241c                Set_And_Convert_Duty_Float
 .text.PID_Parameters_Init
                0x00000000080024f4       0x5e build/PID_Algorithm.o
                0x00000000080024f4                PID_Parameters_Init
 .text.NMI_Handler
                0x0000000008002552        0x6 build/stm32f1xx_it.o
                0x0000000008002552                NMI_Handler
 .text.HardFault_Handler
                0x0000000008002558        0x6 build/stm32f1xx_it.o
                0x0000000008002558                HardFault_Handler
 .text.MemManage_Handler
                0x000000000800255e        0x6 build/stm32f1xx_it.o
                0x000000000800255e                MemManage_Handler
 .text.BusFault_Handler
                0x0000000008002564        0x6 build/stm32f1xx_it.o
                0x0000000008002564                BusFault_Handler
 .text.UsageFault_Handler
                0x000000000800256a        0x6 build/stm32f1xx_it.o
                0x000000000800256a                UsageFault_Handler
 .text.SVC_Handler
                0x0000000008002570        0xc build/stm32f1xx_it.o
                0x0000000008002570                SVC_Handler
 .text.DebugMon_Handler
                0x000000000800257c        0xc build/stm32f1xx_it.o
                0x000000000800257c                DebugMon_Handler
 .text.PendSV_Handler
                0x0000000008002588        0xc build/stm32f1xx_it.o
                0x0000000008002588                PendSV_Handler
 .text.SysTick_Handler
                0x0000000008002594        0xc build/stm32f1xx_it.o
                0x0000000008002594                SysTick_Handler
 .text.USART1_IRQHandler
                0x00000000080025a0       0x14 build/stm32f1xx_it.o
                0x00000000080025a0                USART1_IRQHandler
 .text.TIM6_IRQHandler
                0x00000000080025b4       0x14 build/stm32f1xx_it.o
                0x00000000080025b4                TIM6_IRQHandler
 .text.HAL_MspInit
                0x00000000080025c8       0x64 build/stm32f1xx_hal_msp.o
                0x00000000080025c8                HAL_MspInit
 .text.HAL_TIM_Base_MspInit
                0x000000000800262c       0x3c build/stm32f1xx_hal_msp.o
                0x000000000800262c                HAL_TIM_Base_MspInit
 .text.HAL_UART_MspInit
                0x0000000008002668       0x98 build/stm32f1xx_hal_msp.o
                0x0000000008002668                HAL_UART_MspInit
 .text.HAL_TIM_Base_Init
                0x0000000008002700       0x9e build/stm32f1xx_hal_tim.o
                0x0000000008002700                HAL_TIM_Base_Init
 *fill*         0x000000000800279e        0x2 
 .text.HAL_TIM_Base_Start_IT
                0x00000000080027a0       0xc0 build/stm32f1xx_hal_tim.o
                0x00000000080027a0                HAL_TIM_Base_Start_IT
 .text.HAL_TIM_Base_Stop_IT
                0x0000000008002860       0x5c build/stm32f1xx_hal_tim.o
                0x0000000008002860                HAL_TIM_Base_Stop_IT
 .text.HAL_TIM_IRQHandler
                0x00000000080028bc      0x210 build/stm32f1xx_hal_tim.o
                0x00000000080028bc                HAL_TIM_IRQHandler
 .text.HAL_TIM_OC_DelayElapsedCallback
                0x0000000008002acc       0x12 build/stm32f1xx_hal_tim.o
                0x0000000008002acc                HAL_TIM_OC_DelayElapsedCallback
 .text.HAL_TIM_IC_CaptureCallback
                0x0000000008002ade       0x12 build/stm32f1xx_hal_tim.o
                0x0000000008002ade                HAL_TIM_IC_CaptureCallback
 .text.HAL_TIM_PWM_PulseFinishedCallback
                0x0000000008002af0       0x12 build/stm32f1xx_hal_tim.o
                0x0000000008002af0                HAL_TIM_PWM_PulseFinishedCallback
 .text.HAL_TIM_TriggerCallback
                0x0000000008002b02       0x12 build/stm32f1xx_hal_tim.o
                0x0000000008002b02                HAL_TIM_TriggerCallback
 .text.TIM_Base_SetConfig
                0x0000000008002b14       0xf4 build/stm32f1xx_hal_tim.o
                0x0000000008002b14                TIM_Base_SetConfig
 .text.HAL_TIMEx_MasterConfigSynchronization
                0x0000000008002c08       0xd8 build/stm32f1xx_hal_tim_ex.o
                0x0000000008002c08                HAL_TIMEx_MasterConfigSynchronization
 .text.HAL_TIMEx_CommutCallback
                0x0000000008002ce0       0x12 build/stm32f1xx_hal_tim_ex.o
                0x0000000008002ce0                HAL_TIMEx_CommutCallback
 .text.HAL_TIMEx_BreakCallback
                0x0000000008002cf2       0x12 build/stm32f1xx_hal_tim_ex.o
                0x0000000008002cf2                HAL_TIMEx_BreakCallback
 .text.HAL_Init
                0x0000000008002d04       0x2c build/stm32f1xx_hal.o
                0x0000000008002d04                HAL_Init
 .text.HAL_InitTick
                0x0000000008002d30       0x60 build/stm32f1xx_hal.o
                0x0000000008002d30                HAL_InitTick
 .text.HAL_IncTick
                0x0000000008002d90       0x24 build/stm32f1xx_hal.o
                0x0000000008002d90                HAL_IncTick
 .text.HAL_GetTick
                0x0000000008002db4       0x14 build/stm32f1xx_hal.o
                0x0000000008002db4                HAL_GetTick
 .text.HAL_RCC_OscConfig
                0x0000000008002dc8      0x504 build/stm32f1xx_hal_rcc.o
                0x0000000008002dc8                HAL_RCC_OscConfig
 .text.HAL_RCC_ClockConfig
                0x00000000080032cc      0x1d4 build/stm32f1xx_hal_rcc.o
                0x00000000080032cc                HAL_RCC_ClockConfig
 .text.HAL_RCC_GetSysClockFreq
                0x00000000080034a0       0xa8 build/stm32f1xx_hal_rcc.o
                0x00000000080034a0                HAL_RCC_GetSysClockFreq
 .text.HAL_RCC_GetHCLKFreq
                0x0000000008003548       0x14 build/stm32f1xx_hal_rcc.o
                0x0000000008003548                HAL_RCC_GetHCLKFreq
 .text.HAL_RCC_GetPCLK1Freq
                0x000000000800355c       0x28 build/stm32f1xx_hal_rcc.o
                0x000000000800355c                HAL_RCC_GetPCLK1Freq
 .text.HAL_RCC_GetPCLK2Freq
                0x0000000008003584       0x28 build/stm32f1xx_hal_rcc.o
                0x0000000008003584                HAL_RCC_GetPCLK2Freq
 .text.RCC_Delay
                0x00000000080035ac       0x3c build/stm32f1xx_hal_rcc.o
 .text.HAL_RCCEx_PeriphCLKConfig
                0x00000000080035e8      0x16c build/stm32f1xx_hal_rcc_ex.o
                0x00000000080035e8                HAL_RCCEx_PeriphCLKConfig
 .text.HAL_GPIO_Init
                0x0000000008003754      0x328 build/stm32f1xx_hal_gpio.o
                0x0000000008003754                HAL_GPIO_Init
 .text.HAL_GPIO_WritePin
                0x0000000008003a7c       0x30 build/stm32f1xx_hal_gpio.o
                0x0000000008003a7c                HAL_GPIO_WritePin
 .text.HAL_DMA_Abort
                0x0000000008003aac       0x76 build/stm32f1xx_hal_dma.o
                0x0000000008003aac                HAL_DMA_Abort
 *fill*         0x0000000008003b22        0x2 
 .text.HAL_DMA_Abort_IT
                0x0000000008003b24      0x210 build/stm32f1xx_hal_dma.o
                0x0000000008003b24                HAL_DMA_Abort_IT
 .text.__NVIC_SetPriorityGrouping
                0x0000000008003d34       0x48 build/stm32f1xx_hal_cortex.o
 .text.__NVIC_GetPriorityGrouping
                0x0000000008003d7c       0x1c build/stm32f1xx_hal_cortex.o
 .text.__NVIC_EnableIRQ
                0x0000000008003d98       0x38 build/stm32f1xx_hal_cortex.o
 .text.__NVIC_SetPriority
                0x0000000008003dd0       0x54 build/stm32f1xx_hal_cortex.o
 .text.NVIC_EncodePriority
                0x0000000008003e24       0x64 build/stm32f1xx_hal_cortex.o
 .text.SysTick_Config
                0x0000000008003e88       0x44 build/stm32f1xx_hal_cortex.o
 .text.HAL_NVIC_SetPriorityGrouping
                0x0000000008003ecc       0x16 build/stm32f1xx_hal_cortex.o
                0x0000000008003ecc                HAL_NVIC_SetPriorityGrouping
 .text.HAL_NVIC_SetPriority
                0x0000000008003ee2       0x38 build/stm32f1xx_hal_cortex.o
                0x0000000008003ee2                HAL_NVIC_SetPriority
 .text.HAL_NVIC_EnableIRQ
                0x0000000008003f1a       0x1c build/stm32f1xx_hal_cortex.o
                0x0000000008003f1a                HAL_NVIC_EnableIRQ
 .text.HAL_SYSTICK_Config
                0x0000000008003f36       0x18 build/stm32f1xx_hal_cortex.o
                0x0000000008003f36                HAL_SYSTICK_Config
 .text.SystemInit
                0x0000000008003f4e        0xc build/system_stm32f1xx.o
                0x0000000008003f4e                SystemInit
 .text.HAL_UART_Init
                0x0000000008003f5a       0xa0 build/stm32f1xx_hal_uart.o
                0x0000000008003f5a                HAL_UART_Init
 .text.HAL_UART_Transmit
                0x0000000008003ffa      0x106 build/stm32f1xx_hal_uart.o
                0x0000000008003ffa                HAL_UART_Transmit
 .text.HAL_UART_Receive_IT
                0x0000000008004100       0x4a build/stm32f1xx_hal_uart.o
                0x0000000008004100                HAL_UART_Receive_IT
 *fill*         0x000000000800414a        0x2 
 .text.HAL_UART_IRQHandler
                0x000000000800414c      0x524 build/stm32f1xx_hal_uart.o
                0x000000000800414c                HAL_UART_IRQHandler
 .text.HAL_UART_TxCpltCallback
                0x0000000008004670       0x12 build/stm32f1xx_hal_uart.o
                0x0000000008004670                HAL_UART_TxCpltCallback
 .text.HAL_UART_ErrorCallback
                0x0000000008004682       0x12 build/stm32f1xx_hal_uart.o
                0x0000000008004682                HAL_UART_ErrorCallback
 .text.HAL_UARTEx_RxEventCallback
                0x0000000008004694       0x16 build/stm32f1xx_hal_uart.o
                0x0000000008004694                HAL_UARTEx_RxEventCallback
 .text.UART_WaitOnFlagUntilTimeout
                0x00000000080046aa       0xdc build/stm32f1xx_hal_uart.o
 .text.UART_Start_Receive_IT
                0x0000000008004786       0x72 build/stm32f1xx_hal_uart.o
                0x0000000008004786                UART_Start_Receive_IT
 .text.UART_EndRxTransfer
                0x00000000080047f8       0xc4 build/stm32f1xx_hal_uart.o
 .text.UART_DMAAbortOnError
                0x00000000080048bc       0x28 build/stm32f1xx_hal_uart.o
 .text.UART_Transmit_IT
                0x00000000080048e4       0x9e build/stm32f1xx_hal_uart.o
 .text.UART_EndTransmit_IT
                0x0000000008004982       0x30 build/stm32f1xx_hal_uart.o
 .text.UART_Receive_IT
                0x00000000080049b2      0x17c build/stm32f1xx_hal_uart.o
 *fill*         0x0000000008004b2e        0x2 
 .text.UART_SetConfig
                0x0000000008004b30      0x11c build/stm32f1xx_hal_uart.o
 .text.LL_TIM_SetPrescaler
                0x0000000008004c4c       0x1a build/stm32f1xx_ll_tim.o
 .text.LL_TIM_SetAutoReload
                0x0000000008004c66       0x1a build/stm32f1xx_ll_tim.o
 .text.LL_TIM_SetRepetitionCounter
                0x0000000008004c80       0x1a build/stm32f1xx_ll_tim.o
 .text.LL_TIM_OC_SetCompareCH1
                0x0000000008004c9a       0x1a build/stm32f1xx_ll_tim.o
 .text.LL_TIM_OC_SetCompareCH2
                0x0000000008004cb4       0x1a build/stm32f1xx_ll_tim.o
 .text.LL_TIM_OC_SetCompareCH3
                0x0000000008004cce       0x1a build/stm32f1xx_ll_tim.o
 .text.LL_TIM_OC_SetCompareCH4
                0x0000000008004ce8       0x1a build/stm32f1xx_ll_tim.o
 .text.LL_TIM_GenerateEvent_UPDATE
                0x0000000008004d02       0x1e build/stm32f1xx_ll_tim.o
 .text.LL_TIM_Init
                0x0000000008004d20       0xec build/stm32f1xx_ll_tim.o
                0x0000000008004d20                LL_TIM_Init
 .text.LL_TIM_OC_Init
                0x0000000008004e0c       0x82 build/stm32f1xx_ll_tim.o
                0x0000000008004e0c                LL_TIM_OC_Init
 .text.LL_TIM_BDTR_Init
                0x0000000008004e8e       0x82 build/stm32f1xx_ll_tim.o
                0x0000000008004e8e                LL_TIM_BDTR_Init
 .text.OC1Config
                0x0000000008004f10       0xd8 build/stm32f1xx_ll_tim.o
 .text.OC2Config
                0x0000000008004fe8       0xe0 build/stm32f1xx_ll_tim.o
 .text.OC3Config
                0x00000000080050c8       0xe0 build/stm32f1xx_ll_tim.o
 .text.OC4Config
                0x00000000080051a8       0xb0 build/stm32f1xx_ll_tim.o
 .text.LL_GPIO_SetPinMode
                0x0000000008005258       0x64 build/stm32f1xx_ll_gpio.o
 .text.LL_GPIO_SetPinSpeed
                0x00000000080052bc       0x64 build/stm32f1xx_ll_gpio.o
 .text.LL_GPIO_SetPinOutputType
                0x0000000008005320       0x64 build/stm32f1xx_ll_gpio.o
 .text.LL_GPIO_SetPinPull
                0x0000000008005384       0x44 build/stm32f1xx_ll_gpio.o
 .text.LL_GPIO_Init
                0x00000000080053c8       0xcc build/stm32f1xx_ll_gpio.o
                0x00000000080053c8                LL_GPIO_Init
 .text.LL_ADC_REG_SetSequencerLength
                0x0000000008005494       0x24 build/stm32f1xx_ll_adc.o
 .text.LL_ADC_IsEnabled
                0x00000000080054b8       0x24 build/stm32f1xx_ll_adc.o
 .text.LL_ADC_CommonInit
                0x00000000080054dc       0x90 build/stm32f1xx_ll_adc.o
                0x00000000080054dc                LL_ADC_CommonInit
 .text.LL_ADC_Init
                0x000000000800556c       0x4e build/stm32f1xx_ll_adc.o
                0x000000000800556c                LL_ADC_Init
 .text.LL_ADC_REG_Init
                0x00000000080055ba       0x8c build/stm32f1xx_ll_adc.o
                0x00000000080055ba                LL_ADC_REG_Init
 *fill*         0x0000000008005646        0x2 
 .text.Reset_Handler
                0x0000000008005648       0x48 build/startup_stm32f103xe.o
                0x0000000008005648                Reset_Handler
 .text.Default_Handler
                0x0000000008005690        0x2 build/startup_stm32f103xe.o
                0x0000000008005690                RTC_Alarm_IRQHandler
                0x0000000008005690                EXTI2_IRQHandler
                0x0000000008005690                TIM8_TRG_COM_IRQHandler
                0x0000000008005690                TIM8_CC_IRQHandler
                0x0000000008005690                TIM1_CC_IRQHandler
                0x0000000008005690                PVD_IRQHandler
                0x0000000008005690                SDIO_IRQHandler
                0x0000000008005690                EXTI3_IRQHandler
                0x0000000008005690                EXTI0_IRQHandler
                0x0000000008005690                I2C2_EV_IRQHandler
                0x0000000008005690                ADC1_2_IRQHandler
                0x0000000008005690                SPI1_IRQHandler
                0x0000000008005690                TAMPER_IRQHandler
                0x0000000008005690                TIM8_UP_IRQHandler
                0x0000000008005690                DMA2_Channel2_IRQHandler
                0x0000000008005690                DMA1_Channel4_IRQHandler
                0x0000000008005690                USART3_IRQHandler
                0x0000000008005690                RTC_IRQHandler
                0x0000000008005690                DMA1_Channel7_IRQHandler
                0x0000000008005690                CAN1_RX1_IRQHandler
                0x0000000008005690                UART5_IRQHandler
                0x0000000008005690                ADC3_IRQHandler
                0x0000000008005690                TIM4_IRQHandler
                0x0000000008005690                DMA2_Channel1_IRQHandler
                0x0000000008005690                I2C1_EV_IRQHandler
                0x0000000008005690                DMA1_Channel6_IRQHandler
                0x0000000008005690                UART4_IRQHandler
                0x0000000008005690                TIM3_IRQHandler
                0x0000000008005690                RCC_IRQHandler
                0x0000000008005690                TIM1_TRG_COM_IRQHandler
                0x0000000008005690                DMA1_Channel1_IRQHandler
                0x0000000008005690                Default_Handler
                0x0000000008005690                EXTI15_10_IRQHandler
                0x0000000008005690                TIM7_IRQHandler
                0x0000000008005690                TIM5_IRQHandler
                0x0000000008005690                EXTI9_5_IRQHandler
                0x0000000008005690                SPI2_IRQHandler
                0x0000000008005690                DMA1_Channel5_IRQHandler
                0x0000000008005690                EXTI4_IRQHandler
                0x0000000008005690                USB_LP_CAN1_RX0_IRQHandler
                0x0000000008005690                USB_HP_CAN1_TX_IRQHandler
                0x0000000008005690                DMA1_Channel3_IRQHandler
                0x0000000008005690                FSMC_IRQHandler
                0x0000000008005690                TIM1_UP_IRQHandler
                0x0000000008005690                WWDG_IRQHandler
                0x0000000008005690                TIM2_IRQHandler
                0x0000000008005690                TIM1_BRK_IRQHandler
                0x0000000008005690                EXTI1_IRQHandler
                0x0000000008005690                DMA2_Channel4_5_IRQHandler
                0x0000000008005690                USART2_IRQHandler
                0x0000000008005690                I2C2_ER_IRQHandler
                0x0000000008005690                DMA1_Channel2_IRQHandler
                0x0000000008005690                TIM8_BRK_IRQHandler
                0x0000000008005690                CAN1_SCE_IRQHandler
                0x0000000008005690                FLASH_IRQHandler
                0x0000000008005690                SPI3_IRQHandler
                0x0000000008005690                I2C1_ER_IRQHandler
                0x0000000008005690                USBWakeUp_IRQHandler
                0x0000000008005690                DMA2_Channel3_IRQHandler
 *fill*         0x0000000008005692        0x2 
 .text.__libc_init_array
                0x0000000008005694       0x48 /usr/local/gcc-arm-none-eabi-10.3-2021.10/bin/../lib/gcc/arm-none-eabi/10.3.1/../../../../arm-none-eabi/lib/thumb/v7-m/nofp/libc_nano.a(lib_a-init.o)
                0x0000000008005694                __libc_init_array
 .text.memset   0x00000000080056dc       0x10 /usr/local/gcc-arm-none-eabi-10.3-2021.10/bin/../lib/gcc/arm-none-eabi/10.3.1/../../../../arm-none-eabi/lib/thumb/v7-m/nofp/libc_nano.a(lib_a-memset.o)
                0x00000000080056dc                memset
 *(.glue_7)
 .glue_7        0x00000000080056ec        0x0 linker stubs
 *(.glue_7t)
 .glue_7t       0x00000000080056ec        0x0 linker stubs
 *(.eh_frame)
 .eh_frame      0x00000000080056ec        0x0 /usr/local/gcc-arm-none-eabi-10.3-2021.10/bin/../lib/gcc/arm-none-eabi/10.3.1/thumb/v7-m/nofp/crtbegin.o
 *(.init)
 .init          0x00000000080056ec        0x4 /usr/local/gcc-arm-none-eabi-10.3-2021.10/bin/../lib/gcc/arm-none-eabi/10.3.1/thumb/v7-m/nofp/crti.o
                0x00000000080056ec                _init
 .init          0x00000000080056f0        0x8 /usr/local/gcc-arm-none-eabi-10.3-2021.10/bin/../lib/gcc/arm-none-eabi/10.3.1/thumb/v7-m/nofp/crtn.o
 *(.fini)
 .fini          0x00000000080056f8        0x4 /usr/local/gcc-arm-none-eabi-10.3-2021.10/bin/../lib/gcc/arm-none-eabi/10.3.1/thumb/v7-m/nofp/crti.o
                0x00000000080056f8                _fini
 .fini          0x00000000080056fc        0x8 /usr/local/gcc-arm-none-eabi-10.3-2021.10/bin/../lib/gcc/arm-none-eabi/10.3.1/thumb/v7-m/nofp/crtn.o
                0x0000000008005704                . = ALIGN (0x4)
                0x0000000008005704                _etext = .

.vfp11_veneer   0x0000000008005704        0x0
 .vfp11_veneer  0x0000000008005704        0x0 linker stubs

.v4_bx          0x0000000008005704        0x0
 .v4_bx         0x0000000008005704        0x0 linker stubs

.iplt           0x0000000008005704        0x0
 .iplt          0x0000000008005704        0x0 /usr/local/gcc-arm-none-eabi-10.3-2021.10/bin/../lib/gcc/arm-none-eabi/10.3.1/thumb/v7-m/nofp/crtbegin.o

.rodata         0x0000000008005704       0x78
                0x0000000008005704                . = ALIGN (0x4)
 *(.rodata)
 .rodata        0x0000000008005704       0x31 build/USART_OPERATION.o
 *(.rodata*)
 *fill*         0x0000000008005735        0x3 
 .rodata.CHANNEL_OFFSET_TAB
                0x0000000008005738        0x7 build/main.o
 *fill*         0x000000000800573f        0x1 
 .rodata.OFFSET_TAB_CCMRx
                0x0000000008005740        0x7 build/main.o
 *fill*         0x0000000008005747        0x1 
 .rodata.SHIFT_TAB_OCxx
                0x0000000008005748        0x7 build/main.o
 *fill*         0x000000000800574f        0x1 
 .rodata.aPLLMULFactorTable.1
                0x0000000008005750       0x10 build/stm32f1xx_hal_rcc.o
 .rodata.aPredivFactorTable.0
                0x0000000008005760        0x2 build/stm32f1xx_hal_rcc.o
 *fill*         0x0000000008005762        0x2 
 .rodata.AHBPrescTable
                0x0000000008005764       0x10 build/system_stm32f1xx.o
                0x0000000008005764                AHBPrescTable
 .rodata.APBPrescTable
                0x0000000008005774        0x8 build/system_stm32f1xx.o
                0x0000000008005774                APBPrescTable
                0x000000000800577c                . = ALIGN (0x4)

.rel.dyn        0x000000000800577c        0x0
 .rel.iplt      0x000000000800577c        0x0 /usr/local/gcc-arm-none-eabi-10.3-2021.10/bin/../lib/gcc/arm-none-eabi/10.3.1/thumb/v7-m/nofp/crtbegin.o

.ARM.extab
 *(.ARM.extab* .gnu.linkonce.armextab.*)

.ARM            0x000000000800577c        0x0
                0x000000000800577c                __exidx_start = .
 *(.ARM.exidx*)
                0x000000000800577c                __exidx_end = .

.preinit_array  0x000000000800577c        0x0
                0x000000000800577c                PROVIDE (__preinit_array_start = .)
 *(.preinit_array*)
                0x000000000800577c                PROVIDE (__preinit_array_end = .)

.init_array     0x000000000800577c        0x4
                0x000000000800577c                PROVIDE (__init_array_start = .)
 *(SORT_BY_NAME(.init_array.*))
 *(.init_array*)
 .init_array    0x000000000800577c        0x4 /usr/local/gcc-arm-none-eabi-10.3-2021.10/bin/../lib/gcc/arm-none-eabi/10.3.1/thumb/v7-m/nofp/crtbegin.o
                0x0000000008005780                PROVIDE (__init_array_end = .)

.fini_array     0x0000000008005780        0x4
                [!provide]                        PROVIDE (__fini_array_start = .)
 *(SORT_BY_NAME(.fini_array.*))
 *(.fini_array*)
 .fini_array    0x0000000008005780        0x4 /usr/local/gcc-arm-none-eabi-10.3-2021.10/bin/../lib/gcc/arm-none-eabi/10.3.1/thumb/v7-m/nofp/crtbegin.o
                [!provide]                        PROVIDE (__fini_array_end = .)
                0x0000000008005784                _sidata = LOADADDR (.data)

.data           0x0000000020000000       0x18 load address 0x0000000008005784
                0x0000000020000000                . = ALIGN (0x4)
                0x0000000020000000                _sdata = .
 *(.data)
 *(.data*)
 .data.TARGET   0x0000000020000000        0xc build/main.o
                0x0000000020000000                TARGET
 .data.uwTickPrio
                0x000000002000000c        0x4 build/stm32f1xx_hal.o
                0x000000002000000c                uwTickPrio
 .data.uwTickFreq
                0x0000000020000010        0x1 build/stm32f1xx_hal.o
                0x0000000020000010                uwTickFreq
 *fill*         0x0000000020000011        0x3 
 .data.SystemCoreClock
                0x0000000020000014        0x4 build/system_stm32f1xx.o
                0x0000000020000014                SystemCoreClock
                0x0000000020000018                . = ALIGN (0x4)
                0x0000000020000018                _edata = .

.igot.plt       0x0000000020000018        0x0 load address 0x000000000800579c
 .igot.plt      0x0000000020000018        0x0 /usr/local/gcc-arm-none-eabi-10.3-2021.10/bin/../lib/gcc/arm-none-eabi/10.3.1/thumb/v7-m/nofp/crtbegin.o
                0x0000000020000018                . = ALIGN (0x4)

.bss            0x0000000020000018       0xc4 load address 0x000000000800579c
                0x0000000020000018                _sbss = .
                0x0000000020000018                __bss_start__ = _sbss
 *(.bss)
 .bss           0x0000000020000018       0x1c /usr/local/gcc-arm-none-eabi-10.3-2021.10/bin/../lib/gcc/arm-none-eabi/10.3.1/thumb/v7-m/nofp/crtbegin.o
 *(.bss*)
 .bss.Exceed_Time_Flag
                0x0000000020000034        0x1 build/main.o
                0x0000000020000034                Exceed_Time_Flag
 .bss.uart_temp
                0x0000000020000035        0x1 build/main.o
                0x0000000020000035                uart_temp
 *fill*         0x0000000020000036        0x2 
 .bss.uart_receive_data
                0x0000000020000038        0x7 build/main.o
                0x0000000020000038                uart_receive_data
 *fill*         0x000000002000003f        0x1 
 .bss.htim6     0x0000000020000040       0x48 build/main.o
                0x0000000020000040                htim6
 .bss.huart1    0x0000000020000088       0x48 build/main.o
                0x0000000020000088                huart1
 .bss.state.2   0x00000000200000d0        0x1 build/USART_OPERATION.o
 .bss.cnt.1     0x00000000200000d1        0x1 build/USART_OPERATION.o
 *fill*         0x00000000200000d2        0x2 
 .bss.cnt.0     0x00000000200000d4        0x4 build/USART_OPERATION.o
 .bss.uwTick    0x00000000200000d8        0x4 build/stm32f1xx_hal.o
                0x00000000200000d8                uwTick
 *(COMMON)
                0x00000000200000dc                . = ALIGN (0x4)
                0x00000000200000dc                _ebss = .
                0x00000000200000dc                __bss_end__ = _ebss

._user_heap_stack
                0x00000000200000dc      0x604 load address 0x000000000800579c
                0x00000000200000e0                . = ALIGN (0x8)
 *fill*         0x00000000200000dc        0x4 
                [!provide]                        PROVIDE (end = .)
                [!provide]                        PROVIDE (_end = .)
                0x00000000200002e0                . = (. + _Min_Heap_Size)
 *fill*         0x00000000200000e0      0x200 
                0x00000000200006e0                . = (. + _Min_Stack_Size)
 *fill*         0x00000000200002e0      0x400 
                0x00000000200006e0                . = ALIGN (0x8)

/DISCARD/
 libc.a(*)
 libm.a(*)
 libgcc.a(*)

.ARM.attributes
                0x0000000000000000       0x29
 *(.ARM.attributes)
 .ARM.attributes
                0x0000000000000000       0x1d /usr/local/gcc-arm-none-eabi-10.3-2021.10/bin/../lib/gcc/arm-none-eabi/10.3.1/thumb/v7-m/nofp/crti.o
 .ARM.attributes
                0x000000000000001d       0x2d /usr/local/gcc-arm-none-eabi-10.3-2021.10/bin/../lib/gcc/arm-none-eabi/10.3.1/thumb/v7-m/nofp/crtbegin.o
 .ARM.attributes
                0x000000000000004a       0x2d build/main.o
 .ARM.attributes
                0x0000000000000077       0x2d build/USART_OPERATION.o
 .ARM.attributes
                0x00000000000000a4       0x2d build/PWM_Ctrl.o
 .ARM.attributes
                0x00000000000000d1       0x2d build/PID_Algorithm.o
 .ARM.attributes
                0x00000000000000fe       0x2d build/stm32f1xx_it.o
 .ARM.attributes
                0x000000000000012b       0x2d build/stm32f1xx_hal_msp.o
 .ARM.attributes
                0x0000000000000158       0x2d build/stm32f1xx_hal_tim.o
 .ARM.attributes
                0x0000000000000185       0x2d build/stm32f1xx_hal_tim_ex.o
 .ARM.attributes
                0x00000000000001b2       0x2d build/stm32f1xx_hal.o
 .ARM.attributes
                0x00000000000001df       0x2d build/stm32f1xx_hal_rcc.o
 .ARM.attributes
                0x000000000000020c       0x2d build/stm32f1xx_hal_rcc_ex.o
 .ARM.attributes
                0x0000000000000239       0x2d build/stm32f1xx_hal_gpio.o
 .ARM.attributes
                0x0000000000000266       0x2d build/stm32f1xx_hal_dma.o
 .ARM.attributes
                0x0000000000000293       0x2d build/stm32f1xx_hal_cortex.o
 .ARM.attributes
                0x00000000000002c0       0x2d build/system_stm32f1xx.o
 .ARM.attributes
                0x00000000000002ed       0x2d build/stm32f1xx_hal_uart.o
 .ARM.attributes
                0x000000000000031a       0x2d build/stm32f1xx_ll_tim.o
 .ARM.attributes
                0x0000000000000347       0x2d build/stm32f1xx_ll_gpio.o
 .ARM.attributes
                0x0000000000000374       0x2d build/stm32f1xx_ll_adc.o
 .ARM.attributes
                0x00000000000003a1       0x21 build/startup_stm32f103xe.o
 .ARM.attributes
                0x00000000000003c2       0x2d /usr/local/gcc-arm-none-eabi-10.3-2021.10/bin/../lib/gcc/arm-none-eabi/10.3.1/../../../../arm-none-eabi/lib/thumb/v7-m/nofp/libc_nano.a(lib_a-init.o)
 .ARM.attributes
                0x00000000000003ef       0x2d /usr/local/gcc-arm-none-eabi-10.3-2021.10/bin/../lib/gcc/arm-none-eabi/10.3.1/../../../../arm-none-eabi/lib/thumb/v7-m/nofp/libc_nano.a(lib_a-memset.o)
 .ARM.attributes
                0x000000000000041c       0x1d /usr/local/gcc-arm-none-eabi-10.3-2021.10/bin/../lib/gcc/arm-none-eabi/10.3.1/thumb/v7-m/nofp/libgcc.a(_arm_addsubdf3.o)
 .ARM.attributes
                0x0000000000000439       0x1d /usr/local/gcc-arm-none-eabi-10.3-2021.10/bin/../lib/gcc/arm-none-eabi/10.3.1/thumb/v7-m/nofp/libgcc.a(_arm_muldivdf3.o)
 .ARM.attributes
                0x0000000000000456       0x1d /usr/local/gcc-arm-none-eabi-10.3-2021.10/bin/../lib/gcc/arm-none-eabi/10.3.1/thumb/v7-m/nofp/libgcc.a(_arm_truncdfsf2.o)
 .ARM.attributes
                0x0000000000000473       0x1d /usr/local/gcc-arm-none-eabi-10.3-2021.10/bin/../lib/gcc/arm-none-eabi/10.3.1/thumb/v7-m/nofp/libgcc.a(_arm_addsubsf3.o)
 .ARM.attributes
                0x0000000000000490       0x1d /usr/local/gcc-arm-none-eabi-10.3-2021.10/bin/../lib/gcc/arm-none-eabi/10.3.1/thumb/v7-m/nofp/libgcc.a(_arm_muldivsf3.o)
 .ARM.attributes
                0x00000000000004ad       0x1d /usr/local/gcc-arm-none-eabi-10.3-2021.10/bin/../lib/gcc/arm-none-eabi/10.3.1/thumb/v7-m/nofp/libgcc.a(_arm_cmpsf2.o)
 .ARM.attributes
                0x00000000000004ca       0x1d /usr/local/gcc-arm-none-eabi-10.3-2021.10/bin/../lib/gcc/arm-none-eabi/10.3.1/thumb/v7-m/nofp/libgcc.a(_arm_fixsfsi.o)
 .ARM.attributes
                0x00000000000004e7       0x1d /usr/local/gcc-arm-none-eabi-10.3-2021.10/bin/../lib/gcc/arm-none-eabi/10.3.1/thumb/v7-m/nofp/libgcc.a(_arm_fixunssfsi.o)
 .ARM.attributes
                0x0000000000000504       0x1d /usr/local/gcc-arm-none-eabi-10.3-2021.10/bin/../lib/gcc/arm-none-eabi/10.3.1/thumb/v7-m/nofp/crtn.o
OUTPUT(build/Voltage_ctrl.elf elf32-littlearm)
LOAD linker stubs
LOAD /usr/local/gcc-arm-none-eabi-10.3-2021.10/bin/../lib/gcc/arm-none-eabi/10.3.1/../../../../arm-none-eabi/lib/thumb/v7-m/nofp/libc.a
LOAD /usr/local/gcc-arm-none-eabi-10.3-2021.10/bin/../lib/gcc/arm-none-eabi/10.3.1/../../../../arm-none-eabi/lib/thumb/v7-m/nofp/libm.a
LOAD /usr/local/gcc-arm-none-eabi-10.3-2021.10/bin/../lib/gcc/arm-none-eabi/10.3.1/thumb/v7-m/nofp/libgcc.a

.debug_info     0x0000000000000000    0x119d1
 .debug_info    0x0000000000000000     0x242f build/main.o
 .debug_info    0x000000000000242f      0xcf5 build/USART_OPERATION.o
 .debug_info    0x0000000000003124      0x3db build/PWM_Ctrl.o
 .debug_info    0x00000000000034ff      0x33f build/PID_Algorithm.o
 .debug_info    0x000000000000383e      0xafd build/stm32f1xx_it.o
 .debug_info    0x000000000000433b      0xf20 build/stm32f1xx_hal_msp.o
 .debug_info    0x000000000000525b     0x2e3b build/stm32f1xx_hal_tim.o
 .debug_info    0x0000000000008096     0x1607 build/stm32f1xx_hal_tim_ex.o
 .debug_info    0x000000000000969d      0x7fe build/stm32f1xx_hal.o
 .debug_info    0x0000000000009e9b      0x8d0 build/stm32f1xx_hal_rcc.o
 .debug_info    0x000000000000a76b      0x41b build/stm32f1xx_hal_rcc_ex.o
 .debug_info    0x000000000000ab86      0x67d build/stm32f1xx_hal_gpio.o
 .debug_info    0x000000000000b203      0x7ab build/stm32f1xx_hal_dma.o
 .debug_info    0x000000000000b9ae      0xc5b build/stm32f1xx_hal_cortex.o
 .debug_info    0x000000000000c609      0x261 build/system_stm32f1xx.o
 .debug_info    0x000000000000c86a     0x32b6 build/stm32f1xx_hal_uart.o
 .debug_info    0x000000000000fb20      0xfcf build/stm32f1xx_ll_tim.o
 .debug_info    0x0000000000010aef      0x653 build/stm32f1xx_ll_gpio.o
 .debug_info    0x0000000000011142      0x86d build/stm32f1xx_ll_adc.o
 .debug_info    0x00000000000119af       0x22 build/startup_stm32f103xe.o

.debug_abbrev   0x0000000000000000     0x2560
 .debug_abbrev  0x0000000000000000      0x422 build/main.o
 .debug_abbrev  0x0000000000000422      0x1ab build/USART_OPERATION.o
 .debug_abbrev  0x00000000000005cd      0x13a build/PWM_Ctrl.o
 .debug_abbrev  0x0000000000000707      0x126 build/PID_Algorithm.o
 .debug_abbrev  0x000000000000082d      0x173 build/stm32f1xx_it.o
 .debug_abbrev  0x00000000000009a0      0x1bd build/stm32f1xx_hal_msp.o
 .debug_abbrev  0x0000000000000b5d      0x237 build/stm32f1xx_hal_tim.o
 .debug_abbrev  0x0000000000000d94      0x23f build/stm32f1xx_hal_tim_ex.o
 .debug_abbrev  0x0000000000000fd3      0x1c7 build/stm32f1xx_hal.o
 .debug_abbrev  0x000000000000119a      0x25f build/stm32f1xx_hal_rcc.o
 .debug_abbrev  0x00000000000013f9      0x16c build/stm32f1xx_hal_rcc_ex.o
 .debug_abbrev  0x0000000000001565      0x1ba build/stm32f1xx_hal_gpio.o
 .debug_abbrev  0x000000000000171f      0x1e8 build/stm32f1xx_hal_dma.o
 .debug_abbrev  0x0000000000001907      0x2ca build/stm32f1xx_hal_cortex.o
 .debug_abbrev  0x0000000000001bd1      0x13a build/system_stm32f1xx.o
 .debug_abbrev  0x0000000000001d0b      0x2b2 build/stm32f1xx_hal_uart.o
 .debug_abbrev  0x0000000000001fbd      0x204 build/stm32f1xx_ll_tim.o
 .debug_abbrev  0x00000000000021c1      0x1f9 build/stm32f1xx_ll_gpio.o
 .debug_abbrev  0x00000000000023ba      0x194 build/stm32f1xx_ll_adc.o
 .debug_abbrev  0x000000000000254e       0x12 build/startup_stm32f103xe.o

.debug_loc      0x0000000000000000     0x9706
 .debug_loc     0x0000000000000000     0x130c build/main.o
 .debug_loc     0x000000000000130c      0x23c build/USART_OPERATION.o
 .debug_loc     0x0000000000001548      0x158 build/PWM_Ctrl.o
 .debug_loc     0x00000000000016a0       0xac build/PID_Algorithm.o
 .debug_loc     0x000000000000174c      0x22c build/stm32f1xx_it.o
 .debug_loc     0x0000000000001978      0x1a8 build/stm32f1xx_hal_msp.o
 .debug_loc     0x0000000000001b20     0x27a0 build/stm32f1xx_hal_tim.o
 .debug_loc     0x00000000000042c0      0xdc8 build/stm32f1xx_hal_tim_ex.o
 .debug_loc     0x0000000000005088      0x698 build/stm32f1xx_hal.o
 .debug_loc     0x0000000000005720      0x444 build/stm32f1xx_hal_rcc.o
 .debug_loc     0x0000000000005b64       0xfc build/stm32f1xx_hal_rcc_ex.o
 .debug_loc     0x0000000000005c60      0x2d4 build/stm32f1xx_hal_gpio.o
 .debug_loc     0x0000000000005f34      0x470 build/stm32f1xx_hal_dma.o
 .debug_loc     0x00000000000063a4      0x8f8 build/stm32f1xx_hal_cortex.o
 .debug_loc     0x0000000000006c9c       0xa0 build/system_stm32f1xx.o
 .debug_loc     0x0000000000006d3c     0x14b6 build/stm32f1xx_hal_uart.o
 .debug_loc     0x00000000000081f2      0xbc0 build/stm32f1xx_ll_tim.o
 .debug_loc     0x0000000000008db2      0x324 build/stm32f1xx_ll_gpio.o
 .debug_loc     0x00000000000090d6      0x630 build/stm32f1xx_ll_adc.o

.debug_aranges  0x0000000000000000     0x1080
 .debug_aranges
                0x0000000000000000      0x1e8 build/main.o
 .debug_aranges
                0x00000000000001e8       0x50 build/USART_OPERATION.o
 .debug_aranges
                0x0000000000000238       0x38 build/PWM_Ctrl.o
 .debug_aranges
                0x0000000000000270       0x28 build/PID_Algorithm.o
 .debug_aranges
                0x0000000000000298       0x70 build/stm32f1xx_it.o
 .debug_aranges
                0x0000000000000308       0x40 build/stm32f1xx_hal_msp.o
 .debug_aranges
                0x0000000000000348      0x3d0 build/stm32f1xx_hal_tim.o
 .debug_aranges
                0x0000000000000718      0x168 build/stm32f1xx_hal_tim_ex.o
 .debug_aranges
                0x0000000000000880       0xe0 build/stm32f1xx_hal.o
 .debug_aranges
                0x0000000000000960       0x90 build/stm32f1xx_hal_rcc.o
 .debug_aranges
                0x00000000000009f0       0x30 build/stm32f1xx_hal_rcc_ex.o
 .debug_aranges
                0x0000000000000a20       0x58 build/stm32f1xx_hal_gpio.o
 .debug_aranges
                0x0000000000000a78       0x80 build/stm32f1xx_hal_dma.o
 .debug_aranges
                0x0000000000000af8      0x100 build/stm32f1xx_hal_cortex.o
 .debug_aranges
                0x0000000000000bf8       0x28 build/system_stm32f1xx.o
 .debug_aranges
                0x0000000000000c20      0x208 build/stm32f1xx_hal_uart.o
 .debug_aranges
                0x0000000000000e28      0x128 build/stm32f1xx_ll_tim.o
 .debug_aranges
                0x0000000000000f50       0x60 build/stm32f1xx_ll_gpio.o
 .debug_aranges
                0x0000000000000fb0       0xa8 build/stm32f1xx_ll_adc.o
 .debug_aranges
                0x0000000000001058       0x28 build/startup_stm32f103xe.o

.debug_ranges   0x0000000000000000      0xf78
 .debug_ranges  0x0000000000000000      0x1d8 build/main.o
 .debug_ranges  0x00000000000001d8       0x40 build/USART_OPERATION.o
 .debug_ranges  0x0000000000000218       0x28 build/PWM_Ctrl.o
 .debug_ranges  0x0000000000000240       0x18 build/PID_Algorithm.o
 .debug_ranges  0x0000000000000258       0x60 build/stm32f1xx_it.o
 .debug_ranges  0x00000000000002b8       0x30 build/stm32f1xx_hal_msp.o
 .debug_ranges  0x00000000000002e8      0x3c0 build/stm32f1xx_hal_tim.o
 .debug_ranges  0x00000000000006a8      0x158 build/stm32f1xx_hal_tim_ex.o
 .debug_ranges  0x0000000000000800       0xd0 build/stm32f1xx_hal.o
 .debug_ranges  0x00000000000008d0       0x80 build/stm32f1xx_hal_rcc.o
 .debug_ranges  0x0000000000000950       0x20 build/stm32f1xx_hal_rcc_ex.o
 .debug_ranges  0x0000000000000970       0x48 build/stm32f1xx_hal_gpio.o
 .debug_ranges  0x00000000000009b8       0x70 build/stm32f1xx_hal_dma.o
 .debug_ranges  0x0000000000000a28       0xf0 build/stm32f1xx_hal_cortex.o
 .debug_ranges  0x0000000000000b18       0x18 build/system_stm32f1xx.o
 .debug_ranges  0x0000000000000b30      0x228 build/stm32f1xx_hal_uart.o
 .debug_ranges  0x0000000000000d58      0x118 build/stm32f1xx_ll_tim.o
 .debug_ranges  0x0000000000000e70       0x50 build/stm32f1xx_ll_gpio.o
 .debug_ranges  0x0000000000000ec0       0x98 build/stm32f1xx_ll_adc.o
 .debug_ranges  0x0000000000000f58       0x20 build/startup_stm32f103xe.o

.debug_line     0x0000000000000000     0xbeb4
 .debug_line    0x0000000000000000      0xc57 build/main.o
 .debug_line    0x0000000000000c57      0x487 build/USART_OPERATION.o
 .debug_line    0x00000000000010de      0x201 build/PWM_Ctrl.o
 .debug_line    0x00000000000012df      0x1e9 build/PID_Algorithm.o
 .debug_line    0x00000000000014c8      0x2ca build/stm32f1xx_it.o
 .debug_line    0x0000000000001792      0x28e build/stm32f1xx_hal_msp.o
 .debug_line    0x0000000000001a20     0x3113 build/stm32f1xx_hal_tim.o
 .debug_line    0x0000000000004b33     0x143e build/stm32f1xx_hal_tim_ex.o
 .debug_line    0x0000000000005f71      0x478 build/stm32f1xx_hal.o
 .debug_line    0x00000000000063e9      0x8b8 build/stm32f1xx_hal_rcc.o
 .debug_line    0x0000000000006ca1      0x3af build/stm32f1xx_hal_rcc_ex.o
 .debug_line    0x0000000000007050      0x504 build/stm32f1xx_hal_gpio.o
 .debug_line    0x0000000000007554      0xd7c build/stm32f1xx_hal_dma.o
 .debug_line    0x00000000000082d0      0x60e build/stm32f1xx_hal_cortex.o
 .debug_line    0x00000000000088de      0x1eb build/system_stm32f1xx.o
 .debug_line    0x0000000000008ac9     0x23bf build/stm32f1xx_hal_uart.o
 .debug_line    0x000000000000ae88      0x781 build/stm32f1xx_ll_tim.o
 .debug_line    0x000000000000b609      0x40b build/stm32f1xx_ll_gpio.o
 .debug_line    0x000000000000ba14      0x42b build/stm32f1xx_ll_adc.o
 .debug_line    0x000000000000be3f       0x75 build/startup_stm32f103xe.o

.debug_str      0x0000000000000000     0x4786
 .debug_str     0x0000000000000000     0x1775 build/main.o
                                       0x1938 (size before relaxing)
 .debug_str     0x0000000000001775       0xbe build/USART_OPERATION.o
                                        0x9bb (size before relaxing)
 .debug_str     0x0000000000001833       0x71 build/PWM_Ctrl.o
                                        0x2be (size before relaxing)
 .debug_str     0x00000000000018a4       0x67 build/PID_Algorithm.o
                                        0x2fc (size before relaxing)
 .debug_str     0x000000000000190b       0xca build/stm32f1xx_it.o
                                        0x990 (size before relaxing)
 .debug_str     0x00000000000019d5       0x83 build/stm32f1xx_hal_msp.o
                                        0xdb2 (size before relaxing)
 .debug_str     0x0000000000001a58      0xe3a build/stm32f1xx_hal_tim.o
                                       0x15e1 (size before relaxing)
 .debug_str     0x0000000000002892      0x545 build/stm32f1xx_hal_tim_ex.o
                                        0xd92 (size before relaxing)
 .debug_str     0x0000000000002dd7      0x2e5 build/stm32f1xx_hal.o
                                        0x8b8 (size before relaxing)
 .debug_str     0x00000000000030bc      0x224 build/stm32f1xx_hal_rcc.o
                                        0x5f9 (size before relaxing)
 .debug_str     0x00000000000032e0       0xb6 build/stm32f1xx_hal_rcc_ex.o
                                        0x3cd (size before relaxing)
 .debug_str     0x0000000000003396      0x142 build/stm32f1xx_hal_gpio.o
                                        0x3f5 (size before relaxing)
 .debug_str     0x00000000000034d8      0x22c build/stm32f1xx_hal_dma.o
                                        0x5e6 (size before relaxing)
 .debug_str     0x0000000000003704      0x407 build/stm32f1xx_hal_cortex.o
                                        0x9ac (size before relaxing)
 .debug_str     0x0000000000003b0b       0x4f build/system_stm32f1xx.o
                                        0x249 (size before relaxing)
 .debug_str     0x0000000000003b5a      0x5f8 build/stm32f1xx_hal_uart.o
                                        0xc72 (size before relaxing)
 .debug_str     0x0000000000004152      0x37f build/stm32f1xx_ll_tim.o
                                        0x860 (size before relaxing)
 .debug_str     0x00000000000044d1       0xd1 build/stm32f1xx_ll_gpio.o
                                        0x369 (size before relaxing)
 .debug_str     0x00000000000045a2      0x1c0 build/stm32f1xx_ll_adc.o
                                        0x548 (size before relaxing)
 .debug_str     0x0000000000004762       0x24 build/startup_stm32f103xe.o
                                         0x68 (size before relaxing)

.comment        0x0000000000000000       0x49
 .comment       0x0000000000000000       0x49 build/main.o
                                         0x4a (size before relaxing)
 .comment       0x0000000000000049       0x4a build/USART_OPERATION.o
 .comment       0x0000000000000049       0x4a build/PWM_Ctrl.o
 .comment       0x0000000000000049       0x4a build/PID_Algorithm.o
 .comment       0x0000000000000049       0x4a build/stm32f1xx_it.o
 .comment       0x0000000000000049       0x4a build/stm32f1xx_hal_msp.o
 .comment       0x0000000000000049       0x4a build/stm32f1xx_hal_tim.o
 .comment       0x0000000000000049       0x4a build/stm32f1xx_hal_tim_ex.o
 .comment       0x0000000000000049       0x4a build/stm32f1xx_hal.o
 .comment       0x0000000000000049       0x4a build/stm32f1xx_hal_rcc.o
 .comment       0x0000000000000049       0x4a build/stm32f1xx_hal_rcc_ex.o
 .comment       0x0000000000000049       0x4a build/stm32f1xx_hal_gpio.o
 .comment       0x0000000000000049       0x4a build/stm32f1xx_hal_dma.o
 .comment       0x0000000000000049       0x4a build/stm32f1xx_hal_cortex.o
 .comment       0x0000000000000049       0x4a build/system_stm32f1xx.o
 .comment       0x0000000000000049       0x4a build/stm32f1xx_hal_uart.o
 .comment       0x0000000000000049       0x4a build/stm32f1xx_ll_tim.o
 .comment       0x0000000000000049       0x4a build/stm32f1xx_ll_gpio.o
 .comment       0x0000000000000049       0x4a build/stm32f1xx_ll_adc.o

.debug_frame    0x0000000000000000     0x4810
 .debug_frame   0x0000000000000000      0x898 build/main.o
 .debug_frame   0x0000000000000898      0x110 build/USART_OPERATION.o
 .debug_frame   0x00000000000009a8       0xb0 build/PWM_Ctrl.o
 .debug_frame   0x0000000000000a58       0x60 build/PID_Algorithm.o
 .debug_frame   0x0000000000000ab8      0x13c build/stm32f1xx_it.o
 .debug_frame   0x0000000000000bf4       0xcc build/stm32f1xx_hal_msp.o
 .debug_frame   0x0000000000000cc0     0x11bc build/stm32f1xx_hal_tim.o
 .debug_frame   0x0000000000001e7c      0x638 build/stm32f1xx_hal_tim_ex.o
 .debug_frame   0x00000000000024b4      0x334 build/stm32f1xx_hal.o
 .debug_frame   0x00000000000027e8      0x218 build/stm32f1xx_hal_rcc.o
 .debug_frame   0x0000000000002a00       0x80 build/stm32f1xx_hal_rcc_ex.o
 .debug_frame   0x0000000000002a80      0x14c build/stm32f1xx_hal_gpio.o
 .debug_frame   0x0000000000002bcc      0x20c build/stm32f1xx_hal_dma.o
 .debug_frame   0x0000000000002dd8      0x428 build/stm32f1xx_hal_cortex.o
 .debug_frame   0x0000000000003200       0x58 build/system_stm32f1xx.o
 .debug_frame   0x0000000000003258      0x944 build/stm32f1xx_hal_uart.o
 .debug_frame   0x0000000000003b9c      0x538 build/stm32f1xx_ll_tim.o
 .debug_frame   0x00000000000040d4      0x170 build/stm32f1xx_ll_gpio.o
 .debug_frame   0x0000000000004244      0x2cc build/stm32f1xx_ll_adc.o
 .debug_frame   0x0000000000004510       0x2c /usr/local/gcc-arm-none-eabi-10.3-2021.10/bin/../lib/gcc/arm-none-eabi/10.3.1/../../../../arm-none-eabi/lib/thumb/v7-m/nofp/libc_nano.a(lib_a-init.o)
 .debug_frame   0x000000000000453c       0x20 /usr/local/gcc-arm-none-eabi-10.3-2021.10/bin/../lib/gcc/arm-none-eabi/10.3.1/../../../../arm-none-eabi/lib/thumb/v7-m/nofp/libc_nano.a(lib_a-memset.o)
 .debug_frame   0x000000000000455c       0xac /usr/local/gcc-arm-none-eabi-10.3-2021.10/bin/../lib/gcc/arm-none-eabi/10.3.1/thumb/v7-m/nofp/libgcc.a(_arm_addsubdf3.o)
 .debug_frame   0x0000000000004608       0x50 /usr/local/gcc-arm-none-eabi-10.3-2021.10/bin/../lib/gcc/arm-none-eabi/10.3.1/thumb/v7-m/nofp/libgcc.a(_arm_muldivdf3.o)
 .debug_frame   0x0000000000004658       0x24 /usr/local/gcc-arm-none-eabi-10.3-2021.10/bin/../lib/gcc/arm-none-eabi/10.3.1/thumb/v7-m/nofp/libgcc.a(_arm_truncdfsf2.o)
 .debug_frame   0x000000000000467c       0x4c /usr/local/gcc-arm-none-eabi-10.3-2021.10/bin/../lib/gcc/arm-none-eabi/10.3.1/thumb/v7-m/nofp/libgcc.a(_arm_addsubsf3.o)
 .debug_frame   0x00000000000046c8       0x38 /usr/local/gcc-arm-none-eabi-10.3-2021.10/bin/../lib/gcc/arm-none-eabi/10.3.1/thumb/v7-m/nofp/libgcc.a(_arm_muldivsf3.o)
 .debug_frame   0x0000000000004700       0xc8 /usr/local/gcc-arm-none-eabi-10.3-2021.10/bin/../lib/gcc/arm-none-eabi/10.3.1/thumb/v7-m/nofp/libgcc.a(_arm_cmpsf2.o)
 .debug_frame   0x00000000000047c8       0x24 /usr/local/gcc-arm-none-eabi-10.3-2021.10/bin/../lib/gcc/arm-none-eabi/10.3.1/thumb/v7-m/nofp/libgcc.a(_arm_fixsfsi.o)
 .debug_frame   0x00000000000047ec       0x24 /usr/local/gcc-arm-none-eabi-10.3-2021.10/bin/../lib/gcc/arm-none-eabi/10.3.1/thumb/v7-m/nofp/libgcc.a(_arm_fixunssfsi.o)

Cross Reference Table

Symbol                                            File
ACK_Reaction                                      build/USART_OPERATION.o
                                                  build/main.o
ADC1_2_IRQHandler                                 build/startup_stm32f103xe.o
ADC3_IRQHandler                                   build/startup_stm32f103xe.o
AHBPrescTable                                     build/system_stm32f1xx.o
                                                  build/stm32f1xx_ll_utils.o
                                                  build/stm32f1xx_ll_rcc.o
                                                  build/stm32f1xx_hal_rcc.o
APBPrescTable                                     build/system_stm32f1xx.o
                                                  build/stm32f1xx_ll_rcc.o
                                                  build/stm32f1xx_hal_rcc.o
BusFault_Handler                                  build/stm32f1xx_it.o
CAN1_RX1_IRQHandler                               build/startup_stm32f103xe.o
CAN1_SCE_IRQHandler                               build/startup_stm32f103xe.o
DMA1_Channel1_IRQHandler                          build/startup_stm32f103xe.o
DMA1_Channel2_IRQHandler                          build/startup_stm32f103xe.o
DMA1_Channel3_IRQHandler                          build/startup_stm32f103xe.o
DMA1_Channel4_IRQHandler                          build/startup_stm32f103xe.o
DMA1_Channel5_IRQHandler                          build/startup_stm32f103xe.o
DMA1_Channel6_IRQHandler                          build/startup_stm32f103xe.o
DMA1_Channel7_IRQHandler                          build/startup_stm32f103xe.o
DMA2_Channel1_IRQHandler                          build/startup_stm32f103xe.o
DMA2_Channel2_IRQHandler                          build/startup_stm32f103xe.o
DMA2_Channel3_IRQHandler                          build/startup_stm32f103xe.o
DMA2_Channel4_5_IRQHandler                        build/startup_stm32f103xe.o
Data_Inspect_By_StateMachine                      build/USART_OPERATION.o
                                                  build/main.o
DebugMon_Handler                                  build/stm32f1xx_it.o
Default_Handler                                   build/startup_stm32f103xe.o
EXTI0_IRQHandler                                  build/startup_stm32f103xe.o
EXTI15_10_IRQHandler                              build/startup_stm32f103xe.o
EXTI1_IRQHandler                                  build/startup_stm32f103xe.o
EXTI2_IRQHandler                                  build/startup_stm32f103xe.o
EXTI3_IRQHandler                                  build/startup_stm32f103xe.o
EXTI4_IRQHandler                                  build/startup_stm32f103xe.o
EXTI9_5_IRQHandler                                build/startup_stm32f103xe.o
Error_Handler                                     build/main.o
Exceed_Time_Flag                                  build/main.o
FLASH_IRQHandler                                  build/startup_stm32f103xe.o
FLASH_PageErase                                   build/stm32f1xx_hal_flash_ex.o
                                                  build/stm32f1xx_hal_flash.o
FLASH_WaitForLastOperation                        build/stm32f1xx_hal_flash.o
                                                  build/stm32f1xx_hal_flash_ex.o
FSMC_IRQHandler                                   build/startup_stm32f103xe.o
Function_Judge_Action                             build/USART_OPERATION.o
                                                  build/main.o
HAL_DBGMCU_DisableDBGSleepMode                    build/stm32f1xx_hal.o
HAL_DBGMCU_DisableDBGStandbyMode                  build/stm32f1xx_hal.o
HAL_DBGMCU_DisableDBGStopMode                     build/stm32f1xx_hal.o
HAL_DBGMCU_EnableDBGSleepMode                     build/stm32f1xx_hal.o
HAL_DBGMCU_EnableDBGStandbyMode                   build/stm32f1xx_hal.o
HAL_DBGMCU_EnableDBGStopMode                      build/stm32f1xx_hal.o
HAL_DMA_Abort                                     build/stm32f1xx_hal_dma.o
                                                  build/stm32f1xx_hal_uart.o
HAL_DMA_Abort_IT                                  build/stm32f1xx_hal_dma.o
                                                  build/stm32f1xx_hal_uart.o
                                                  build/stm32f1xx_hal_tim_ex.o
                                                  build/stm32f1xx_hal_tim.o
HAL_DMA_DeInit                                    build/stm32f1xx_hal_dma.o
HAL_DMA_GetError                                  build/stm32f1xx_hal_dma.o
                                                  build/stm32f1xx_hal_uart.o
HAL_DMA_GetState                                  build/stm32f1xx_hal_dma.o
HAL_DMA_IRQHandler                                build/stm32f1xx_hal_dma.o
HAL_DMA_Init                                      build/stm32f1xx_hal_dma.o
HAL_DMA_PollForTransfer                           build/stm32f1xx_hal_dma.o
HAL_DMA_RegisterCallback                          build/stm32f1xx_hal_dma.o
HAL_DMA_Start                                     build/stm32f1xx_hal_dma.o
HAL_DMA_Start_IT                                  build/stm32f1xx_hal_dma.o
                                                  build/stm32f1xx_hal_uart.o
                                                  build/stm32f1xx_hal_tim_ex.o
                                                  build/stm32f1xx_hal_tim.o
HAL_DMA_UnRegisterCallback                        build/stm32f1xx_hal_dma.o
HAL_DeInit                                        build/stm32f1xx_hal.o
HAL_Delay                                         build/stm32f1xx_hal.o
HAL_EXTI_ClearConfigLine                          build/stm32f1xx_hal_exti.o
HAL_EXTI_ClearPending                             build/stm32f1xx_hal_exti.o
HAL_EXTI_GenerateSWI                              build/stm32f1xx_hal_exti.o
HAL_EXTI_GetConfigLine                            build/stm32f1xx_hal_exti.o
HAL_EXTI_GetHandle                                build/stm32f1xx_hal_exti.o
HAL_EXTI_GetPending                               build/stm32f1xx_hal_exti.o
HAL_EXTI_IRQHandler                               build/stm32f1xx_hal_exti.o
HAL_EXTI_RegisterCallback                         build/stm32f1xx_hal_exti.o
HAL_EXTI_SetConfigLine                            build/stm32f1xx_hal_exti.o
HAL_FLASHEx_Erase                                 build/stm32f1xx_hal_flash_ex.o
HAL_FLASHEx_Erase_IT                              build/stm32f1xx_hal_flash_ex.o
HAL_FLASHEx_OBErase                               build/stm32f1xx_hal_flash_ex.o
HAL_FLASHEx_OBGetConfig                           build/stm32f1xx_hal_flash_ex.o
HAL_FLASHEx_OBGetUserData                         build/stm32f1xx_hal_flash_ex.o
HAL_FLASHEx_OBProgram                             build/stm32f1xx_hal_flash_ex.o
HAL_FLASH_EndOfOperationCallback                  build/stm32f1xx_hal_flash.o
HAL_FLASH_GetError                                build/stm32f1xx_hal_flash.o
HAL_FLASH_IRQHandler                              build/stm32f1xx_hal_flash.o
HAL_FLASH_Lock                                    build/stm32f1xx_hal_flash.o
HAL_FLASH_OB_Launch                               build/stm32f1xx_hal_flash.o
HAL_FLASH_OB_Lock                                 build/stm32f1xx_hal_flash.o
HAL_FLASH_OB_Unlock                               build/stm32f1xx_hal_flash.o
HAL_FLASH_OperationErrorCallback                  build/stm32f1xx_hal_flash.o
HAL_FLASH_Program                                 build/stm32f1xx_hal_flash.o
HAL_FLASH_Program_IT                              build/stm32f1xx_hal_flash.o
HAL_FLASH_Unlock                                  build/stm32f1xx_hal_flash.o
HAL_GPIOEx_ConfigEventout                         build/stm32f1xx_hal_gpio_ex.o
HAL_GPIOEx_DisableEventout                        build/stm32f1xx_hal_gpio_ex.o
HAL_GPIOEx_EnableEventout                         build/stm32f1xx_hal_gpio_ex.o
HAL_GPIO_DeInit                                   build/stm32f1xx_hal_gpio.o
                                                  build/stm32f1xx_hal_msp.o
HAL_GPIO_EXTI_Callback                            build/stm32f1xx_hal_gpio.o
HAL_GPIO_EXTI_IRQHandler                          build/stm32f1xx_hal_gpio.o
HAL_GPIO_Init                                     build/stm32f1xx_hal_gpio.o
                                                  build/stm32f1xx_hal_rcc.o
                                                  build/stm32f1xx_hal_msp.o
                                                  build/main.o
HAL_GPIO_LockPin                                  build/stm32f1xx_hal_gpio.o
HAL_GPIO_ReadPin                                  build/stm32f1xx_hal_gpio.o
HAL_GPIO_TogglePin                                build/stm32f1xx_hal_gpio.o
HAL_GPIO_WritePin                                 build/stm32f1xx_hal_gpio.o
                                                  build/main.o
HAL_GetDEVID                                      build/stm32f1xx_hal.o
HAL_GetHalVersion                                 build/stm32f1xx_hal.o
HAL_GetREVID                                      build/stm32f1xx_hal.o
HAL_GetTick                                       build/stm32f1xx_hal.o
                                                  build/stm32f1xx_hal_uart.o
                                                  build/stm32f1xx_hal_flash.o
                                                  build/stm32f1xx_hal_dma.o
                                                  build/stm32f1xx_hal_rcc_ex.o
                                                  build/stm32f1xx_hal_rcc.o
HAL_GetTickFreq                                   build/stm32f1xx_hal.o
HAL_GetTickPrio                                   build/stm32f1xx_hal.o
HAL_GetUIDw0                                      build/stm32f1xx_hal.o
HAL_GetUIDw1                                      build/stm32f1xx_hal.o
HAL_GetUIDw2                                      build/stm32f1xx_hal.o
HAL_HalfDuplex_EnableReceiver                     build/stm32f1xx_hal_uart.o
HAL_HalfDuplex_EnableTransmitter                  build/stm32f1xx_hal_uart.o
HAL_HalfDuplex_Init                               build/stm32f1xx_hal_uart.o
HAL_IncTick                                       build/stm32f1xx_hal.o
                                                  build/stm32f1xx_it.o
HAL_Init                                          build/stm32f1xx_hal.o
                                                  build/main.o
HAL_InitTick                                      build/stm32f1xx_hal.o
                                                  build/stm32f1xx_hal_rcc.o
HAL_LIN_Init                                      build/stm32f1xx_hal_uart.o
HAL_LIN_SendBreak                                 build/stm32f1xx_hal_uart.o
HAL_MspDeInit                                     build/stm32f1xx_hal.o
HAL_MspInit                                       build/stm32f1xx_hal_msp.o
HAL_MultiProcessor_EnterMuteMode                  build/stm32f1xx_hal_uart.o
HAL_MultiProcessor_ExitMuteMode                   build/stm32f1xx_hal_uart.o
HAL_MultiProcessor_Init                           build/stm32f1xx_hal_uart.o
HAL_NVIC_ClearPendingIRQ                          build/stm32f1xx_hal_cortex.o
HAL_NVIC_DisableIRQ                               build/stm32f1xx_hal_cortex.o
                                                  build/stm32f1xx_hal_msp.o
HAL_NVIC_EnableIRQ                                build/stm32f1xx_hal_cortex.o
                                                  build/main.o
HAL_NVIC_GetActive                                build/stm32f1xx_hal_cortex.o
HAL_NVIC_GetPendingIRQ                            build/stm32f1xx_hal_cortex.o
HAL_NVIC_GetPriority                              build/stm32f1xx_hal_cortex.o
HAL_NVIC_GetPriorityGrouping                      build/stm32f1xx_hal_cortex.o
HAL_NVIC_SetPendingIRQ                            build/stm32f1xx_hal_cortex.o
HAL_NVIC_SetPriority                              build/stm32f1xx_hal_cortex.o
                                                  build/stm32f1xx_hal.o
                                                  build/main.o
HAL_NVIC_SetPriorityGrouping                      build/stm32f1xx_hal_cortex.o
                                                  build/stm32f1xx_hal.o
HAL_NVIC_SystemReset                              build/stm32f1xx_hal_cortex.o
                                                  build/stm32f1xx_hal_flash.o
HAL_PWR_ConfigPVD                                 build/stm32f1xx_hal_pwr.o
HAL_PWR_DeInit                                    build/stm32f1xx_hal_pwr.o
HAL_PWR_DisableBkUpAccess                         build/stm32f1xx_hal_pwr.o
HAL_PWR_DisablePVD                                build/stm32f1xx_hal_pwr.o
HAL_PWR_DisableSEVOnPend                          build/stm32f1xx_hal_pwr.o
HAL_PWR_DisableSleepOnExit                        build/stm32f1xx_hal_pwr.o
HAL_PWR_DisableWakeUpPin                          build/stm32f1xx_hal_pwr.o
HAL_PWR_EnableBkUpAccess                          build/stm32f1xx_hal_pwr.o
HAL_PWR_EnablePVD                                 build/stm32f1xx_hal_pwr.o
HAL_PWR_EnableSEVOnPend                           build/stm32f1xx_hal_pwr.o
HAL_PWR_EnableSleepOnExit                         build/stm32f1xx_hal_pwr.o
HAL_PWR_EnableWakeUpPin                           build/stm32f1xx_hal_pwr.o
HAL_PWR_EnterSLEEPMode                            build/stm32f1xx_hal_pwr.o
HAL_PWR_EnterSTANDBYMode                          build/stm32f1xx_hal_pwr.o
HAL_PWR_EnterSTOPMode                             build/stm32f1xx_hal_pwr.o
HAL_PWR_PVDCallback                               build/stm32f1xx_hal_pwr.o
HAL_PWR_PVD_IRQHandler                            build/stm32f1xx_hal_pwr.o
HAL_RCCEx_GetPeriphCLKConfig                      build/stm32f1xx_hal_rcc_ex.o
HAL_RCCEx_GetPeriphCLKFreq                        build/stm32f1xx_hal_rcc_ex.o
HAL_RCCEx_PeriphCLKConfig                         build/stm32f1xx_hal_rcc_ex.o
                                                  build/main.o
HAL_RCC_CSSCallback                               build/stm32f1xx_hal_rcc.o
HAL_RCC_ClockConfig                               build/stm32f1xx_hal_rcc.o
                                                  build/main.o
HAL_RCC_DeInit                                    build/stm32f1xx_hal_rcc.o
HAL_RCC_DisableCSS                                build/stm32f1xx_hal_rcc.o
HAL_RCC_EnableCSS                                 build/stm32f1xx_hal_rcc.o
HAL_RCC_GetClockConfig                            build/stm32f1xx_hal_rcc.o
HAL_RCC_GetHCLKFreq                               build/stm32f1xx_hal_rcc.o
HAL_RCC_GetOscConfig                              build/stm32f1xx_hal_rcc.o
HAL_RCC_GetPCLK1Freq                              build/stm32f1xx_hal_rcc.o
                                                  build/stm32f1xx_hal_uart.o
HAL_RCC_GetPCLK2Freq                              build/stm32f1xx_hal_rcc.o
                                                  build/stm32f1xx_hal_uart.o
                                                  build/stm32f1xx_hal_rcc_ex.o
HAL_RCC_GetSysClockFreq                           build/stm32f1xx_hal_rcc.o
                                                  build/stm32f1xx_hal_rcc_ex.o
HAL_RCC_MCOConfig                                 build/stm32f1xx_hal_rcc.o
HAL_RCC_NMI_IRQHandler                            build/stm32f1xx_hal_rcc.o
HAL_RCC_OscConfig                                 build/stm32f1xx_hal_rcc.o
                                                  build/main.o
HAL_ResumeTick                                    build/stm32f1xx_hal.o
HAL_SYSTICK_CLKSourceConfig                       build/stm32f1xx_hal_cortex.o
HAL_SYSTICK_Callback                              build/stm32f1xx_hal_cortex.o
HAL_SYSTICK_Config                                build/stm32f1xx_hal_cortex.o
                                                  build/stm32f1xx_hal.o
HAL_SYSTICK_IRQHandler                            build/stm32f1xx_hal_cortex.o
HAL_SetTickFreq                                   build/stm32f1xx_hal.o
HAL_SuspendTick                                   build/stm32f1xx_hal.o
HAL_TIMEx_BreakCallback                           build/stm32f1xx_hal_tim_ex.o
                                                  build/stm32f1xx_hal_tim.o
HAL_TIMEx_CommutCallback                          build/stm32f1xx_hal_tim_ex.o
                                                  build/stm32f1xx_hal_tim.o
HAL_TIMEx_CommutHalfCpltCallback                  build/stm32f1xx_hal_tim_ex.o
HAL_TIMEx_ConfigBreakDeadTime                     build/stm32f1xx_hal_tim_ex.o
HAL_TIMEx_ConfigCommutEvent                       build/stm32f1xx_hal_tim_ex.o
HAL_TIMEx_ConfigCommutEvent_DMA                   build/stm32f1xx_hal_tim_ex.o
HAL_TIMEx_ConfigCommutEvent_IT                    build/stm32f1xx_hal_tim_ex.o
HAL_TIMEx_GetChannelNState                        build/stm32f1xx_hal_tim_ex.o
HAL_TIMEx_HallSensor_DeInit                       build/stm32f1xx_hal_tim_ex.o
HAL_TIMEx_HallSensor_GetState                     build/stm32f1xx_hal_tim_ex.o
HAL_TIMEx_HallSensor_Init                         build/stm32f1xx_hal_tim_ex.o
HAL_TIMEx_HallSensor_MspDeInit                    build/stm32f1xx_hal_tim_ex.o
HAL_TIMEx_HallSensor_MspInit                      build/stm32f1xx_hal_tim_ex.o
HAL_TIMEx_HallSensor_Start                        build/stm32f1xx_hal_tim_ex.o
HAL_TIMEx_HallSensor_Start_DMA                    build/stm32f1xx_hal_tim_ex.o
HAL_TIMEx_HallSensor_Start_IT                     build/stm32f1xx_hal_tim_ex.o
HAL_TIMEx_HallSensor_Stop                         build/stm32f1xx_hal_tim_ex.o
HAL_TIMEx_HallSensor_Stop_DMA                     build/stm32f1xx_hal_tim_ex.o
HAL_TIMEx_HallSensor_Stop_IT                      build/stm32f1xx_hal_tim_ex.o
HAL_TIMEx_MasterConfigSynchronization             build/stm32f1xx_hal_tim_ex.o
                                                  build/main.o
HAL_TIMEx_OCN_Start                               build/stm32f1xx_hal_tim_ex.o
HAL_TIMEx_OCN_Start_DMA                           build/stm32f1xx_hal_tim_ex.o
HAL_TIMEx_OCN_Start_IT                            build/stm32f1xx_hal_tim_ex.o
HAL_TIMEx_OCN_Stop                                build/stm32f1xx_hal_tim_ex.o
HAL_TIMEx_OCN_Stop_DMA                            build/stm32f1xx_hal_tim_ex.o
HAL_TIMEx_OCN_Stop_IT                             build/stm32f1xx_hal_tim_ex.o
HAL_TIMEx_OnePulseN_Start                         build/stm32f1xx_hal_tim_ex.o
HAL_TIMEx_OnePulseN_Start_IT                      build/stm32f1xx_hal_tim_ex.o
HAL_TIMEx_OnePulseN_Stop                          build/stm32f1xx_hal_tim_ex.o
HAL_TIMEx_OnePulseN_Stop_IT                       build/stm32f1xx_hal_tim_ex.o
HAL_TIMEx_PWMN_Start                              build/stm32f1xx_hal_tim_ex.o
HAL_TIMEx_PWMN_Start_DMA                          build/stm32f1xx_hal_tim_ex.o
HAL_TIMEx_PWMN_Start_IT                           build/stm32f1xx_hal_tim_ex.o
HAL_TIMEx_PWMN_Stop                               build/stm32f1xx_hal_tim_ex.o
HAL_TIMEx_PWMN_Stop_DMA                           build/stm32f1xx_hal_tim_ex.o
HAL_TIMEx_PWMN_Stop_IT                            build/stm32f1xx_hal_tim_ex.o
HAL_TIMEx_RemapConfig                             build/stm32f1xx_hal_tim_ex.o
HAL_TIM_Base_DeInit                               build/stm32f1xx_hal_tim.o
HAL_TIM_Base_GetState                             build/stm32f1xx_hal_tim.o
HAL_TIM_Base_Init                                 build/stm32f1xx_hal_tim.o
                                                  build/main.o
HAL_TIM_Base_MspDeInit                            build/stm32f1xx_hal_msp.o
HAL_TIM_Base_MspInit                              build/stm32f1xx_hal_msp.o
HAL_TIM_Base_Start                                build/stm32f1xx_hal_tim.o
HAL_TIM_Base_Start_DMA                            build/stm32f1xx_hal_tim.o
HAL_TIM_Base_Start_IT                             build/stm32f1xx_hal_tim.o
                                                  build/USART_OPERATION.o
                                                  build/main.o
HAL_TIM_Base_Stop                                 build/stm32f1xx_hal_tim.o
HAL_TIM_Base_Stop_DMA                             build/stm32f1xx_hal_tim.o
HAL_TIM_Base_Stop_IT                              build/stm32f1xx_hal_tim.o
                                                  build/USART_OPERATION.o
HAL_TIM_ConfigClockSource                         build/stm32f1xx_hal_tim.o
HAL_TIM_ConfigOCrefClear                          build/stm32f1xx_hal_tim.o
HAL_TIM_ConfigTI1Input                            build/stm32f1xx_hal_tim.o
HAL_TIM_DMABurstState                             build/stm32f1xx_hal_tim.o
HAL_TIM_DMABurst_MultiReadStart                   build/stm32f1xx_hal_tim.o
HAL_TIM_DMABurst_MultiWriteStart                  build/stm32f1xx_hal_tim.o
HAL_TIM_DMABurst_ReadStart                        build/stm32f1xx_hal_tim.o
HAL_TIM_DMABurst_ReadStop                         build/stm32f1xx_hal_tim.o
HAL_TIM_DMABurst_WriteStart                       build/stm32f1xx_hal_tim.o
HAL_TIM_DMABurst_WriteStop                        build/stm32f1xx_hal_tim.o
HAL_TIM_Encoder_DeInit                            build/stm32f1xx_hal_tim.o
HAL_TIM_Encoder_GetState                          build/stm32f1xx_hal_tim.o
HAL_TIM_Encoder_Init                              build/stm32f1xx_hal_tim.o
HAL_TIM_Encoder_MspDeInit                         build/stm32f1xx_hal_tim.o
HAL_TIM_Encoder_MspInit                           build/stm32f1xx_hal_tim.o
HAL_TIM_Encoder_Start                             build/stm32f1xx_hal_tim.o
HAL_TIM_Encoder_Start_DMA                         build/stm32f1xx_hal_tim.o
HAL_TIM_Encoder_Start_IT                          build/stm32f1xx_hal_tim.o
HAL_TIM_Encoder_Stop                              build/stm32f1xx_hal_tim.o
HAL_TIM_Encoder_Stop_DMA                          build/stm32f1xx_hal_tim.o
HAL_TIM_Encoder_Stop_IT                           build/stm32f1xx_hal_tim.o
HAL_TIM_ErrorCallback                             build/stm32f1xx_hal_tim.o
                                                  build/stm32f1xx_hal_tim_ex.o
HAL_TIM_GenerateEvent                             build/stm32f1xx_hal_tim.o
HAL_TIM_GetActiveChannel                          build/stm32f1xx_hal_tim.o
HAL_TIM_GetChannelState                           build/stm32f1xx_hal_tim.o
HAL_TIM_IC_CaptureCallback                        build/stm32f1xx_hal_tim.o
HAL_TIM_IC_CaptureHalfCpltCallback                build/stm32f1xx_hal_tim.o
HAL_TIM_IC_ConfigChannel                          build/stm32f1xx_hal_tim.o
HAL_TIM_IC_DeInit                                 build/stm32f1xx_hal_tim.o
HAL_TIM_IC_GetState                               build/stm32f1xx_hal_tim.o
HAL_TIM_IC_Init                                   build/stm32f1xx_hal_tim.o
HAL_TIM_IC_MspDeInit                              build/stm32f1xx_hal_tim.o
HAL_TIM_IC_MspInit                                build/stm32f1xx_hal_tim.o
HAL_TIM_IC_Start                                  build/stm32f1xx_hal_tim.o
HAL_TIM_IC_Start_DMA                              build/stm32f1xx_hal_tim.o
HAL_TIM_IC_Start_IT                               build/stm32f1xx_hal_tim.o
HAL_TIM_IC_Stop                                   build/stm32f1xx_hal_tim.o
HAL_TIM_IC_Stop_DMA                               build/stm32f1xx_hal_tim.o
HAL_TIM_IC_Stop_IT                                build/stm32f1xx_hal_tim.o
HAL_TIM_IRQHandler                                build/stm32f1xx_hal_tim.o
                                                  build/stm32f1xx_it.o
HAL_TIM_OC_ConfigChannel                          build/stm32f1xx_hal_tim.o
HAL_TIM_OC_DeInit                                 build/stm32f1xx_hal_tim.o
HAL_TIM_OC_DelayElapsedCallback                   build/stm32f1xx_hal_tim.o
HAL_TIM_OC_GetState                               build/stm32f1xx_hal_tim.o
HAL_TIM_OC_Init                                   build/stm32f1xx_hal_tim.o
HAL_TIM_OC_MspDeInit                              build/stm32f1xx_hal_tim.o
HAL_TIM_OC_MspInit                                build/stm32f1xx_hal_tim.o
HAL_TIM_OC_Start                                  build/stm32f1xx_hal_tim.o
HAL_TIM_OC_Start_DMA                              build/stm32f1xx_hal_tim.o
HAL_TIM_OC_Start_IT                               build/stm32f1xx_hal_tim.o
HAL_TIM_OC_Stop                                   build/stm32f1xx_hal_tim.o
HAL_TIM_OC_Stop_DMA                               build/stm32f1xx_hal_tim.o
HAL_TIM_OC_Stop_IT                                build/stm32f1xx_hal_tim.o
HAL_TIM_OnePulse_ConfigChannel                    build/stm32f1xx_hal_tim.o
HAL_TIM_OnePulse_DeInit                           build/stm32f1xx_hal_tim.o
HAL_TIM_OnePulse_GetState                         build/stm32f1xx_hal_tim.o
HAL_TIM_OnePulse_Init                             build/stm32f1xx_hal_tim.o
HAL_TIM_OnePulse_MspDeInit                        build/stm32f1xx_hal_tim.o
HAL_TIM_OnePulse_MspInit                          build/stm32f1xx_hal_tim.o
HAL_TIM_OnePulse_Start                            build/stm32f1xx_hal_tim.o
HAL_TIM_OnePulse_Start_IT                         build/stm32f1xx_hal_tim.o
HAL_TIM_OnePulse_Stop                             build/stm32f1xx_hal_tim.o
HAL_TIM_OnePulse_Stop_IT                          build/stm32f1xx_hal_tim.o
HAL_TIM_PWM_ConfigChannel                         build/stm32f1xx_hal_tim.o
HAL_TIM_PWM_DeInit                                build/stm32f1xx_hal_tim.o
HAL_TIM_PWM_GetState                              build/stm32f1xx_hal_tim.o
HAL_TIM_PWM_Init                                  build/stm32f1xx_hal_tim.o
HAL_TIM_PWM_MspDeInit                             build/stm32f1xx_hal_tim.o
HAL_TIM_PWM_MspInit                               build/stm32f1xx_hal_tim.o
HAL_TIM_PWM_PulseFinishedCallback                 build/stm32f1xx_hal_tim.o
                                                  build/stm32f1xx_hal_tim_ex.o
HAL_TIM_PWM_PulseFinishedHalfCpltCallback         build/stm32f1xx_hal_tim.o
HAL_TIM_PWM_Start                                 build/stm32f1xx_hal_tim.o
HAL_TIM_PWM_Start_DMA                             build/stm32f1xx_hal_tim.o
HAL_TIM_PWM_Start_IT                              build/stm32f1xx_hal_tim.o
HAL_TIM_PWM_Stop                                  build/stm32f1xx_hal_tim.o
HAL_TIM_PWM_Stop_DMA                              build/stm32f1xx_hal_tim.o
HAL_TIM_PWM_Stop_IT                               build/stm32f1xx_hal_tim.o
HAL_TIM_PeriodElapsedCallback                     build/main.o
HAL_TIM_PeriodElapsedHalfCpltCallback             build/stm32f1xx_hal_tim.o
HAL_TIM_ReadCapturedValue                         build/stm32f1xx_hal_tim.o
HAL_TIM_SlaveConfigSynchro                        build/stm32f1xx_hal_tim.o
HAL_TIM_SlaveConfigSynchro_IT                     build/stm32f1xx_hal_tim.o
HAL_TIM_TriggerCallback                           build/stm32f1xx_hal_tim.o
HAL_TIM_TriggerHalfCpltCallback                   build/stm32f1xx_hal_tim.o
HAL_UARTEx_GetRxEventType                         build/stm32f1xx_hal_uart.o
HAL_UARTEx_ReceiveToIdle                          build/stm32f1xx_hal_uart.o
HAL_UARTEx_ReceiveToIdle_DMA                      build/stm32f1xx_hal_uart.o
HAL_UARTEx_ReceiveToIdle_IT                       build/stm32f1xx_hal_uart.o
HAL_UARTEx_RxEventCallback                        build/stm32f1xx_hal_uart.o
HAL_UART_Abort                                    build/stm32f1xx_hal_uart.o
HAL_UART_AbortCpltCallback                        build/stm32f1xx_hal_uart.o
HAL_UART_AbortReceive                             build/stm32f1xx_hal_uart.o
HAL_UART_AbortReceiveCpltCallback                 build/stm32f1xx_hal_uart.o
HAL_UART_AbortReceive_IT                          build/stm32f1xx_hal_uart.o
HAL_UART_AbortTransmit                            build/stm32f1xx_hal_uart.o
HAL_UART_AbortTransmitCpltCallback                build/stm32f1xx_hal_uart.o
HAL_UART_AbortTransmit_IT                         build/stm32f1xx_hal_uart.o
HAL_UART_Abort_IT                                 build/stm32f1xx_hal_uart.o
HAL_UART_DMAPause                                 build/stm32f1xx_hal_uart.o
HAL_UART_DMAResume                                build/stm32f1xx_hal_uart.o
HAL_UART_DMAStop                                  build/stm32f1xx_hal_uart.o
HAL_UART_DeInit                                   build/stm32f1xx_hal_uart.o
HAL_UART_ErrorCallback                            build/stm32f1xx_hal_uart.o
HAL_UART_GetError                                 build/stm32f1xx_hal_uart.o
HAL_UART_GetState                                 build/stm32f1xx_hal_uart.o
HAL_UART_IRQHandler                               build/stm32f1xx_hal_uart.o
                                                  build/stm32f1xx_it.o
HAL_UART_Init                                     build/stm32f1xx_hal_uart.o
                                                  build/main.o
HAL_UART_MspDeInit                                build/stm32f1xx_hal_msp.o
HAL_UART_MspInit                                  build/stm32f1xx_hal_msp.o
HAL_UART_Receive                                  build/stm32f1xx_hal_uart.o
HAL_UART_Receive_DMA                              build/stm32f1xx_hal_uart.o
HAL_UART_Receive_IT                               build/stm32f1xx_hal_uart.o
                                                  build/main.o
HAL_UART_RxCpltCallback                           build/main.o
HAL_UART_RxHalfCpltCallback                       build/stm32f1xx_hal_uart.o
HAL_UART_Transmit                                 build/stm32f1xx_hal_uart.o
                                                  build/USART_OPERATION.o
HAL_UART_Transmit_DMA                             build/stm32f1xx_hal_uart.o
HAL_UART_Transmit_IT                              build/stm32f1xx_hal_uart.o
HAL_UART_TxCpltCallback                           build/stm32f1xx_hal_uart.o
HAL_UART_TxHalfCpltCallback                       build/stm32f1xx_hal_uart.o
HardFault_Handler                                 build/stm32f1xx_it.o
I2C1_ER_IRQHandler                                build/startup_stm32f103xe.o
I2C1_EV_IRQHandler                                build/startup_stm32f103xe.o
I2C2_ER_IRQHandler                                build/startup_stm32f103xe.o
I2C2_EV_IRQHandler                                build/startup_stm32f103xe.o
LL_ADC_CommonDeInit                               build/stm32f1xx_ll_adc.o
LL_ADC_CommonInit                                 build/stm32f1xx_ll_adc.o
                                                  build/main.o
LL_ADC_CommonStructInit                           build/stm32f1xx_ll_adc.o
LL_ADC_DeInit                                     build/stm32f1xx_ll_adc.o
LL_ADC_INJ_Init                                   build/stm32f1xx_ll_adc.o
LL_ADC_INJ_StructInit                             build/stm32f1xx_ll_adc.o
LL_ADC_Init                                       build/stm32f1xx_ll_adc.o
                                                  build/main.o
LL_ADC_REG_Init                                   build/stm32f1xx_ll_adc.o
                                                  build/main.o
LL_ADC_REG_StructInit                             build/stm32f1xx_ll_adc.o
LL_ADC_StructInit                                 build/stm32f1xx_ll_adc.o